Component: ARM Compiler 6.14 Tool: armlink [5db06800]

==============================================================================

Section Cross References

    startup_stm32f103xe.o(RESET) refers to startup_stm32f103xe.o(STACK) for __initial_sp
    startup_stm32f103xe.o(RESET) refers to startup_stm32f103xe.o(.text) for Reset_Handler
    startup_stm32f103xe.o(RESET) refers to stm32f1xx_it.o(.text.NMI_Handler) for NMI_Handler
    startup_stm32f103xe.o(RESET) refers to context_rvds.o(.text) for HardFault_Handler
    startup_stm32f103xe.o(RESET) refers to stm32f1xx_it.o(.text.MemManage_Handler) for MemManage_Handler
    startup_stm32f103xe.o(RESET) refers to stm32f1xx_it.o(.text.BusFault_Handler) for BusFault_Handler
    startup_stm32f103xe.o(RESET) refers to stm32f1xx_it.o(.text.UsageFault_Handler) for UsageFault_Handler
    startup_stm32f103xe.o(RESET) refers to stm32f1xx_it.o(.text.SVC_Handler) for SVC_Handler
    startup_stm32f103xe.o(RESET) refers to stm32f1xx_it.o(.text.DebugMon_Handler) for DebugMon_Handler
    startup_stm32f103xe.o(RESET) refers to board.o(.text.SysTick_Handler) for SysTick_Handler
    startup_stm32f103xe.o(.text) refers to system_stm32f1xx.o(.text.SystemInit) for SystemInit
    startup_stm32f103xe.o(.text) refers to entry.o(.ARM.Collect$$$$00000000) for __main
    main.o(.ARM.exidx.text.rt_hw_console_output) refers to main.o(.text.rt_hw_console_output) for [Anonymous Symbol]
    main.o(.text.main) refers to stm32f1xx_hal.o(.text.HAL_Init) for HAL_Init
    main.o(.text.main) refers to main.o(.text.MX_GPIO_Init) for MX_GPIO_Init
    main.o(.text.main) refers to main.o(.text.MX_USART1_UART_Init) for MX_USART1_UART_Init
    main.o(.text.main) refers to main.o(.bss.huart1) for huart1
    main.o(.text.main) refers to stm32f1xx_hal_uart.o(.text.HAL_UART_Transmit) for HAL_UART_Transmit
    main.o(.ARM.exidx.text.main) refers to main.o(.text.main) for [Anonymous Symbol]
    main.o(.ARM.exidx.text.MX_GPIO_Init) refers to main.o(.text.MX_GPIO_Init) for [Anonymous Symbol]
    main.o(.text.MX_USART1_UART_Init) refers to main.o(.bss.huart1) for huart1
    main.o(.text.MX_USART1_UART_Init) refers to stm32f1xx_hal_uart.o(.text.HAL_UART_Init) for HAL_UART_Init
    main.o(.ARM.exidx.text.MX_USART1_UART_Init) refers to main.o(.text.MX_USART1_UART_Init) for [Anonymous Symbol]
    main.o(.text.SystemClock_Config) refers to memseta.o(.text) for __aeabi_memclr4
    main.o(.text.SystemClock_Config) refers to stm32f1xx_hal_rcc.o(.text.HAL_RCC_OscConfig) for HAL_RCC_OscConfig
    main.o(.text.SystemClock_Config) refers to stm32f1xx_hal_rcc.o(.text.HAL_RCC_ClockConfig) for HAL_RCC_ClockConfig
    main.o(.ARM.exidx.text.SystemClock_Config) refers to main.o(.text.SystemClock_Config) for [Anonymous Symbol]
    main.o(.ARM.exidx.text.Error_Handler) refers to main.o(.text.Error_Handler) for [Anonymous Symbol]
    stm32f1xx_it.o(.ARM.exidx.text.NMI_Handler) refers to stm32f1xx_it.o(.text.NMI_Handler) for [Anonymous Symbol]
    stm32f1xx_it.o(.ARM.exidx.text.MemManage_Handler) refers to stm32f1xx_it.o(.text.MemManage_Handler) for [Anonymous Symbol]
    stm32f1xx_it.o(.ARM.exidx.text.BusFault_Handler) refers to stm32f1xx_it.o(.text.BusFault_Handler) for [Anonymous Symbol]
    stm32f1xx_it.o(.ARM.exidx.text.UsageFault_Handler) refers to stm32f1xx_it.o(.text.UsageFault_Handler) for [Anonymous Symbol]
    stm32f1xx_it.o(.ARM.exidx.text.SVC_Handler) refers to stm32f1xx_it.o(.text.SVC_Handler) for [Anonymous Symbol]
    stm32f1xx_it.o(.ARM.exidx.text.DebugMon_Handler) refers to stm32f1xx_it.o(.text.DebugMon_Handler) for [Anonymous Symbol]
    stm32f1xx_hal_msp.o(.ARM.exidx.text.HAL_MspInit) refers to stm32f1xx_hal_msp.o(.text.HAL_MspInit) for [Anonymous Symbol]
    stm32f1xx_hal_msp.o(.text.HAL_UART_MspInit) refers to stm32f1xx_hal_gpio.o(.text.HAL_GPIO_Init) for HAL_GPIO_Init
    stm32f1xx_hal_msp.o(.ARM.exidx.text.HAL_UART_MspInit) refers to stm32f1xx_hal_msp.o(.text.HAL_UART_MspInit) for [Anonymous Symbol]
    stm32f1xx_hal_msp.o(.text.HAL_UART_MspDeInit) refers to stm32f1xx_hal_gpio.o(.text.HAL_GPIO_DeInit) for HAL_GPIO_DeInit
    stm32f1xx_hal_msp.o(.ARM.exidx.text.HAL_UART_MspDeInit) refers to stm32f1xx_hal_msp.o(.text.HAL_UART_MspDeInit) for [Anonymous Symbol]
    stm32f1xx_hal_gpio_ex.o(.ARM.exidx.text.HAL_GPIOEx_ConfigEventout) refers to stm32f1xx_hal_gpio_ex.o(.text.HAL_GPIOEx_ConfigEventout) for [Anonymous Symbol]
    stm32f1xx_hal_gpio_ex.o(.ARM.exidx.text.HAL_GPIOEx_EnableEventout) refers to stm32f1xx_hal_gpio_ex.o(.text.HAL_GPIOEx_EnableEventout) for [Anonymous Symbol]
    stm32f1xx_hal_gpio_ex.o(.ARM.exidx.text.HAL_GPIOEx_DisableEventout) refers to stm32f1xx_hal_gpio_ex.o(.text.HAL_GPIOEx_DisableEventout) for [Anonymous Symbol]
    stm32f1xx_hal.o(.text.HAL_Init) refers to stm32f1xx_hal_cortex.o(.text.HAL_NVIC_SetPriorityGrouping) for HAL_NVIC_SetPriorityGrouping
    stm32f1xx_hal.o(.text.HAL_Init) refers to stm32f1xx_hal.o(.text.HAL_InitTick) for HAL_InitTick
[...]
    Removing stm32f1xx_hal_uart.o(.text), (0 bytes).
    Removing stm32f1xx_hal_uart.o(.ARM.exidx.text.HAL_UART_Init), (8 bytes).
    Removing stm32f1xx_hal_uart.o(.text.HAL_UART_MspInit), (2 bytes).
    Removing stm32f1xx_hal_uart.o(.ARM.exidx.text.HAL_UART_MspInit), (8 bytes).
    Removing stm32f1xx_hal_uart.o(.ARM.exidx.text.UART_SetConfig), (8 bytes).
    Removing stm32f1xx_hal_uart.o(.text.HAL_HalfDuplex_Init), (102 bytes).
    Removing stm32f1xx_hal_uart.o(.ARM.exidx.text.HAL_HalfDuplex_Init), (8 bytes).
    Removing stm32f1xx_hal_uart.o(.text.HAL_LIN_Init), (118 bytes).
    Removing stm32f1xx_hal_uart.o(.ARM.exidx.text.HAL_LIN_Init), (8 bytes).
    Removing stm32f1xx_hal_uart.o(.text.HAL_MultiProcessor_Init), (126 bytes).
    Removing stm32f1xx_hal_uart.o(.ARM.exidx.text.HAL_MultiProcessor_Init), (8 bytes).
    Removing stm32f1xx_hal_uart.o(.text.HAL_UART_DeInit), (52 bytes).
    Removing stm32f1xx_hal_uart.o(.ARM.exidx.text.HAL_UART_DeInit), (8 bytes).
    Removing stm32f1xx_hal_uart.o(.text.HAL_UART_MspDeInit), (2 bytes).
    Removing stm32f1xx_hal_uart.o(.ARM.exidx.text.HAL_UART_MspDeInit), (8 bytes).
    Removing stm32f1xx_hal_uart.o(.ARM.exidx.text.HAL_UART_Transmit), (8 bytes).
    Removing stm32f1xx_hal_uart.o(.ARM.exidx.text.UART_WaitOnFlagUntilTimeout), (8 bytes).
    Removing stm32f1xx_hal_uart.o(.text.HAL_UART_Receive), (186 bytes).
    Removing stm32f1xx_hal_uart.o(.ARM.exidx.text.HAL_UART_Receive), (8 bytes).
    Removing stm32f1xx_hal_uart.o(.text.HAL_UART_Transmit_IT), (68 bytes).
    Removing stm32f1xx_hal_uart.o(.ARM.exidx.text.HAL_UART_Transmit_IT), (8 bytes).
    Removing stm32f1xx_hal_uart.o(.text.HAL_UART_Receive_IT), (84 bytes).
    Removing stm32f1xx_hal_uart.o(.ARM.exidx.text.HAL_UART_Receive_IT), (8 bytes).
    Removing stm32f1xx_hal_uart.o(.text.HAL_UART_Transmit_DMA), (126 bytes).
    Removing stm32f1xx_hal_uart.o(.ARM.exidx.text.HAL_UART_Transmit_DMA), (8 bytes).
    Removing stm32f1xx_hal_uart.o(.text.UART_DMATransmitCplt), (42 bytes).
    Removing stm32f1xx_hal_uart.o(.ARM.exidx.text.UART_DMATransmitCplt), (8 bytes).
    Removing stm32f1xx_hal_uart.o(.text.UART_DMATxHalfCplt), (10 bytes).
    Removing stm32f1xx_hal_uart.o(.ARM.exidx.text.UART_DMATxHalfCplt), (8 bytes).
    Removing stm32f1xx_hal_uart.o(.text.UART_DMAError), (76 bytes).
    Removing stm32f1xx_hal_uart.o(.ARM.exidx.text.UART_DMAError), (8 bytes).
    Removing stm32f1xx_hal_uart.o(.text.HAL_UART_Receive_DMA), (156 bytes).
    Removing stm32f1xx_hal_uart.o(.ARM.exidx.text.HAL_UART_Receive_DMA), (8 bytes).
    Removing stm32f1xx_hal_uart.o(.text.UART_DMAReceiveCplt), (54 bytes).
    Removing stm32f1xx_hal_uart.o(.ARM.exidx.text.UART_DMAReceiveCplt), (8 bytes).
    Removing stm32f1xx_hal_uart.o(.text.UART_DMARxHalfCplt), (10 bytes).
    Removing stm32f1xx_hal_uart.o(.ARM.exidx.text.UART_DMARxHalfCplt), (8 bytes).
    Removing stm32f1xx_hal_uart.o(.text.HAL_UART_DMAPause), (94 bytes).
    Removing stm32f1xx_hal_uart.o(.ARM.exidx.text.HAL_UART_DMAPause), (8 bytes).
    Removing stm32f1xx_hal_uart.o(.text.HAL_UART_DMAResume), (98 bytes).
    Removing stm32f1xx_hal_uart.o(.ARM.exidx.text.HAL_UART_DMAResume), (8 bytes).
    Removing stm32f1xx_hal_uart.o(.text.HAL_UART_DMAStop), (92 bytes).
    Removing stm32f1xx_hal_uart.o(.ARM.exidx.text.HAL_UART_DMAStop), (8 bytes).
    Removing stm32f1xx_hal_uart.o(.text.UART_EndTxTransfer), (18 bytes).
    Removing stm32f1xx_hal_uart.o(.ARM.exidx.text.UART_EndTxTransfer), (8 bytes).
    Removing stm32f1xx_hal_uart.o(.text.UART_EndRxTransfer), (26 bytes).
    Removing stm32f1xx_hal_uart.o(.ARM.exidx.text.UART_EndRxTransfer), (8 bytes).
    Removing stm32f1xx_hal_uart.o(.text.HAL_UART_Abort), (128 bytes).
    Removing stm32f1xx_hal_uart.o(.ARM.exidx.text.HAL_UART_Abort), (8 bytes).
    Removing stm32f1xx_hal_uart.o(.text.HAL_UART_AbortTransmit), (72 bytes).
    Removing stm32f1xx_hal_uart.o(.ARM.exidx.text.HAL_UART_AbortTransmit), (8 bytes).
    Removing stm32f1xx_hal_uart.o(.text.HAL_UART_AbortReceive), (80 bytes).
    Removing stm32f1xx_hal_uart.o(.ARM.exidx.text.HAL_UART_AbortReceive), (8 bytes).
    Removing stm32f1xx_hal_uart.o(.text.HAL_UART_Abort_IT), (166 bytes).
    Removing stm32f1xx_hal_uart.o(.ARM.exidx.text.HAL_UART_Abort_IT), (8 bytes).
    Removing stm32f1xx_hal_uart.o(.text.UART_DMATxAbortCallback), (44 bytes).
    Removing stm32f1xx_hal_uart.o(.ARM.exidx.text.UART_DMATxAbortCallback), (8 bytes).
    Removing stm32f1xx_hal_uart.o(.text.UART_DMARxAbortCallback), (44 bytes).
    Removing stm32f1xx_hal_uart.o(.ARM.exidx.text.UART_DMARxAbortCallback), (8 bytes).
    Removing stm32f1xx_hal_uart.o(.text.HAL_UART_AbortCpltCallback), (2 bytes).
    Removing stm32f1xx_hal_uart.o(.ARM.exidx.text.HAL_UART_AbortCpltCallback), (8 bytes).
    Removing stm32f1xx_hal_uart.o(.text.HAL_UART_AbortTransmit_IT), (100 bytes).
    Removing stm32f1xx_hal_uart.o(.ARM.exidx.text.HAL_UART_AbortTransmit_IT), (8 bytes).
    Removing stm32f1xx_hal_uart.o(.text.UART_DMATxOnlyAbortCallback), (20 bytes).
    Removing stm32f1xx_hal_uart.o(.ARM.exidx.text.UART_DMATxOnlyAbortCallback), (8 bytes).
    Removing stm32f1xx_hal_uart.o(.text.HAL_UART_AbortTransmitCpltCallback), (2 bytes).
    Removing stm32f1xx_hal_uart.o(.ARM.exidx.text.HAL_UART_AbortTransmitCpltCallback), (8 bytes).
    Removing stm32f1xx_hal_uart.o(.text.HAL_UART_AbortReceive_IT), (108 bytes).
    Removing stm32f1xx_hal_uart.o(.ARM.exidx.text.HAL_UART_AbortReceive_IT), (8 bytes).
    Removing stm32f1xx_hal_uart.o(.text.UART_DMARxOnlyAbortCallback), (20 bytes).
    Removing stm32f1xx_hal_uart.o(.ARM.exidx.text.UART_DMARxOnlyAbortCallback), (8 bytes).
    Removing stm32f1xx_hal_uart.o(.text.HAL_UART_AbortReceiveCpltCallback), (2 bytes).
    Removing stm32f1xx_hal_uart.o(.ARM.exidx.text.HAL_UART_AbortReceiveCpltCallback), (8 bytes).
    Removing stm32f1xx_hal_uart.o(.text.HAL_UART_IRQHandler), (258 bytes).
    Removing stm32f1xx_hal_uart.o(.ARM.exidx.text.HAL_UART_IRQHandler), (8 bytes).
    Removing stm32f1xx_hal_uart.o(.text.UART_Receive_IT), (124 bytes).
    Removing stm32f1xx_hal_uart.o(.ARM.exidx.text.UART_Receive_IT), (8 bytes).
    Removing stm32f1xx_hal_uart.o(.text.UART_DMAAbortOnError), (16 bytes).
    Removing stm32f1xx_hal_uart.o(.ARM.exidx.text.UART_DMAAbortOnError), (8 bytes).
    Removing stm32f1xx_hal_uart.o(.text.HAL_UART_ErrorCallback), (2 bytes).
    Removing stm32f1xx_hal_uart.o(.ARM.exidx.text.HAL_UART_ErrorCallback), (8 bytes).
    Removing stm32f1xx_hal_uart.o(.text.UART_Transmit_IT), (88 bytes).
    Removing stm32f1xx_hal_uart.o(.ARM.exidx.text.UART_Transmit_IT), (8 bytes).
    Removing stm32f1xx_hal_uart.o(.text.UART_EndTransmit_IT), (24 bytes).
    Removing stm32f1xx_hal_uart.o(.ARM.exidx.text.UART_EndTransmit_IT), (8 bytes).
    Removing stm32f1xx_hal_uart.o(.text.HAL_UART_TxCpltCallback), (2 bytes).
    Removing stm32f1xx_hal_uart.o(.ARM.exidx.text.HAL_UART_TxCpltCallback), (8 bytes).
    Removing stm32f1xx_hal_uart.o(.text.HAL_UART_TxHalfCpltCallback), (2 bytes).
    Removing stm32f1xx_hal_uart.o(.ARM.exidx.text.HAL_UART_TxHalfCpltCallback), (8 bytes).
    Removing stm32f1xx_hal_uart.o(.text.HAL_UART_RxCpltCallback), (2 bytes).
    Removing stm32f1xx_hal_uart.o(.ARM.exidx.text.HAL_UART_RxCpltCallback), (8 bytes).
    Removing stm32f1xx_hal_uart.o(.text.HAL_UART_RxHalfCpltCallback), (2 bytes).
    Removing stm32f1xx_hal_uart.o(.ARM.exidx.text.HAL_UART_RxHalfCpltCallback), (8 bytes).
    Removing stm32f1xx_hal_uart.o(.text.HAL_LIN_SendBreak), (44 bytes).
    Removing stm32f1xx_hal_uart.o(.ARM.exidx.text.HAL_LIN_SendBreak), (8 bytes).
    Removing stm32f1xx_hal_uart.o(.text.HAL_MultiProcessor_EnterMuteMode), (44 bytes).
    Removing stm32f1xx_hal_uart.o(.ARM.exidx.text.HAL_MultiProcessor_EnterMuteMode), (8 bytes).
    Removing stm32f1xx_hal_uart.o(.text.HAL_MultiProcessor_ExitMuteMode), (44 bytes).
    Removing stm32f1xx_hal_uart.o(.ARM.exidx.text.HAL_MultiProcessor_ExitMuteMode), (8 bytes).
    Removing stm32f1xx_hal_uart.o(.text.HAL_HalfDuplex_EnableTransmitter), (44 bytes).
    Removing stm32f1xx_hal_uart.o(.ARM.exidx.text.HAL_HalfDuplex_EnableTransmitter), (8 bytes).
    Removing stm32f1xx_hal_uart.o(.text.HAL_HalfDuplex_EnableReceiver), (46 bytes).
    Removing stm32f1xx_hal_uart.o(.ARM.exidx.text.HAL_HalfDuplex_EnableReceiver), (8 bytes).
    Removing stm32f1xx_hal_uart.o(.text.HAL_UART_GetState), (14 bytes).
    Removing stm32f1xx_hal_uart.o(.ARM.exidx.text.HAL_UART_GetState), (8 bytes).
    Removing stm32f1xx_hal_uart.o(.text.HAL_UART_GetError), (4 bytes).
    Removing stm32f1xx_hal_uart.o(.ARM.exidx.text.HAL_UART_GetError), (8 bytes).
    Removing system_stm32f1xx.o(.text), (0 bytes).
    Removing system_stm32f1xx.o(.ARM.exidx.text.SystemInit), (8 bytes).
    Removing system_stm32f1xx.o(.ARM.exidx.text.SystemCoreClockUpdate), (8 bytes).
    Removing board.o(.text), (0 bytes).
    Removing board.o(.ARM.exidx.text.rt_hw_board_init), (8 bytes).
    Removing board.o(.ARM.exidx.text._SysTick_Config), (8 bytes).
    Removing board.o(.ARM.exidx.text.SysTick_Handler), (8 bytes).
    Removing clock.o(.text), (0 bytes).
    Removing clock.o(.text.rt_system_tick_init), (2 bytes).
    Removing clock.o(.ARM.exidx.text.rt_system_tick_init), (8 bytes).
    Removing clock.o(.ARM.exidx.text.rt_tick_get), (8 bytes).
    Removing clock.o(.text.rt_tick_set), (24 bytes).
    Removing clock.o(.ARM.exidx.text.rt_tick_set), (8 bytes).
    Removing clock.o(.ARM.exidx.text.rt_tick_increase), (8 bytes).
    Removing clock.o(.text.rt_tick_from_millisecond), (58 bytes).
    Removing clock.o(.ARM.exidx.text.rt_tick_from_millisecond), (8 bytes).
    Removing components.o(.text), (0 bytes).
    Removing components.o(.ARM.exidx.text.rti_start), (8 bytes).
    Removing components.o(.ARM.exidx.text.rti_board_start), (8 bytes).
    Removing components.o(.ARM.exidx.text.rti_board_end), (8 bytes).
    Removing components.o(.ARM.exidx.text.rti_end), (8 bytes).
    Removing components.o(.ARM.exidx.text.rt_components_board_init), (8 bytes).
    Removing components.o(.ARM.exidx.text.rt_components_init), (8 bytes).
    Removing components.o(.ARM.exidx.text.$Sub$$main), (8 bytes).
    Removing components.o(.ARM.exidx.text.rtthread_startup), (8 bytes).
    Removing components.o(.ARM.exidx.text.main_thread_entry), (8 bytes).
    Removing components.o(.ARM.exidx.text.rt_application_init), (8 bytes).
    Removing idle.o(.text), (0 bytes).
    Removing idle.o(.ARM.exidx.text.rt_thread_idle_excute), (8 bytes).
    Removing idle.o(.ARM.exidx.text._has_defunct_thread), (8 bytes).
    Removing idle.o(.ARM.exidx.text.rt_list_remove), (8 bytes).
    Removing idle.o(.ARM.exidx.text.rt_thread_idle_init), (8 bytes).
    Removing idle.o(.ARM.exidx.text.rt_thread_idle_entry), (8 bytes).
    Removing idle.o(.text.rt_thread_idle_gethandler), (10 bytes).
    Removing idle.o(.ARM.exidx.text.rt_thread_idle_gethandler), (8 bytes).
    Removing ipc.o(.text), (0 bytes).
    Removing ipc.o(.text.rt_sem_init), (30 bytes).
    Removing ipc.o(.ARM.exidx.text.rt_sem_init), (8 bytes).
    Removing ipc.o(.text.rt_ipc_object_init), (10 bytes).
    Removing ipc.o(.ARM.exidx.text.rt_ipc_object_init), (8 bytes).
    Removing ipc.o(.text.rt_sem_detach), (20 bytes).
    Removing ipc.o(.ARM.exidx.text.rt_sem_detach), (8 bytes).
    Removing ipc.o(.text.rt_ipc_list_resume_all), (56 bytes).
    Removing ipc.o(.ARM.exidx.text.rt_ipc_list_resume_all), (8 bytes).
    Removing ipc.o(.text.rt_sem_take), (122 bytes).
    Removing ipc.o(.ARM.exidx.text.rt_sem_take), (8 bytes).
    Removing ipc.o(.text.rt_ipc_list_suspend), (86 bytes).
    Removing ipc.o(.ARM.exidx.text.rt_ipc_list_suspend), (8 bytes).
    Removing ipc.o(.text.rt_sem_trytake), (10 bytes).
    Removing ipc.o(.ARM.exidx.text.rt_sem_trytake), (8 bytes).
    Removing ipc.o(.text.rt_sem_release), (58 bytes).
    Removing ipc.o(.ARM.exidx.text.rt_sem_release), (8 bytes).
    Removing ipc.o(.text.rt_list_isempty), (12 bytes).
    Removing ipc.o(.ARM.exidx.text.rt_list_isempty), (8 bytes).
    Removing ipc.o(.text.rt_ipc_list_resume), (12 bytes).
    Removing ipc.o(.ARM.exidx.text.rt_ipc_list_resume), (8 bytes).
    Removing ipc.o(.text.rt_sem_control), (46 bytes).
    Removing ipc.o(.ARM.exidx.text.rt_sem_control), (8 bytes).
    Removing ipc.o(.text.rt_list_init), (6 bytes).
    Removing ipc.o(.ARM.exidx.text.rt_list_init), (8 bytes).
    Removing ipc.o(.text.rt_list_insert_before), (12 bytes).
    Removing ipc.o(.ARM.exidx.text.rt_list_insert_before), (8 bytes).
    Removing irq.o(.text), (0 bytes).
    Removing irq.o(.ARM.exidx.text.rt_interrupt_enter), (8 bytes).
    Removing irq.o(.ARM.exidx.text.rt_interrupt_leave), (8 bytes).
    Removing irq.o(.text.rt_interrupt_get_nest), (12 bytes).
    Removing irq.o(.ARM.exidx.text.rt_interrupt_get_nest), (8 bytes).
    Removing kservice.o(.text), (0 bytes).
    Removing kservice.o(.text.rt_get_errno), (32 bytes).
    Removing kservice.o(.ARM.exidx.text.rt_get_errno), (8 bytes).
    Removing kservice.o(.text.rt_set_errno), (34 bytes).
    Removing kservice.o(.ARM.exidx.text.rt_set_errno), (8 bytes).
    Removing kservice.o(.text._rt_errno), (42 bytes).
    Removing kservice.o(.ARM.exidx.text._rt_errno), (8 bytes).
    Removing kservice.o(.ARM.exidx.text.rt_memset), (8 bytes).
    Removing kservice.o(.text.rt_memcpy), (140 bytes).
    Removing kservice.o(.ARM.exidx.text.rt_memcpy), (8 bytes).
    Removing kservice.o(.text.rt_memmove), (58 bytes).
    Removing kservice.o(.ARM.exidx.text.rt_memmove), (8 bytes).
    Removing kservice.o(.text.rt_memcmp), (38 bytes).
    Removing kservice.o(.ARM.exidx.text.rt_memcmp), (8 bytes).
    Removing kservice.o(.text.rt_strstr), (66 bytes).
    Removing kservice.o(.ARM.exidx.text.rt_strstr), (8 bytes).
    Removing kservice.o(.ARM.exidx.text.rt_strlen), (8 bytes).
    Removing kservice.o(.text.rt_strcasecmp), (46 bytes).
    Removing kservice.o(.ARM.exidx.text.rt_strcasecmp), (8 bytes).
    Removing kservice.o(.ARM.exidx.text.rt_strncpy), (8 bytes).
    Removing kservice.o(.text.rt_strncmp), (42 bytes).
    Removing kservice.o(.ARM.exidx.text.rt_strncmp), (8 bytes).
    Removing kservice.o(.text.rt_strcmp), (30 bytes).
    Removing kservice.o(.ARM.exidx.text.rt_strcmp), (8 bytes).
    Removing kservice.o(.text.rt_strnlen), (30 bytes).
    Removing kservice.o(.ARM.exidx.text.rt_strnlen), (8 bytes).
    Removing kservice.o(.ARM.exidx.text.rt_show_version), (8 bytes).
    Removing kservice.o(.ARM.exidx.text.rt_kprintf), (8 bytes).
    Removing kservice.o(.ARM.exidx.text.rt_vsnprintf), (8 bytes).
    Removing kservice.o(.ARM.exidx.text.skip_atoi), (8 bytes).
    Removing kservice.o(.ARM.exidx.text.print_number), (8 bytes).
    Removing kservice.o(.text.rt_snprintf), (26 bytes).
    Removing kservice.o(.ARM.exidx.text.rt_snprintf), (8 bytes).
    Removing kservice.o(.text.rt_vsprintf), (16 bytes).
    Removing kservice.o(.ARM.exidx.text.rt_vsprintf), (8 bytes).
    Removing kservice.o(.text.rt_sprintf), (28 bytes).
    Removing kservice.o(.ARM.exidx.text.rt_sprintf), (8 bytes).
    Removing kservice.o(.text.rt_hw_console_output), (2 bytes).
    Removing kservice.o(.ARM.exidx.text.rt_hw_console_output), (8 bytes).
    Removing kservice.o(.text.rt_kputs), (18 bytes).
    Removing kservice.o(.ARM.exidx.text.rt_kputs), (8 bytes).
    Removing kservice.o(.ARM.exidx.text.__rt_ffs), (8 bytes).
    Removing kservice.o(.ARM.exidx.text.divide), (8 bytes).
    Removing kservice.o(.bss.__rt_errno), (4 bytes).
    Removing mem.o(.text), (0 bytes).
    Removing object.o(.text), (0 bytes).
    Removing object.o(.text.rt_system_object_init), (2 bytes).
    Removing object.o(.ARM.exidx.text.rt_system_object_init), (8 bytes).
    Removing object.o(.ARM.exidx.text.rt_object_get_information), (8 bytes).
    Removing object.o(.ARM.exidx.text.rt_object_init), (8 bytes).
    Removing object.o(.ARM.exidx.text.rt_list_insert_after), (8 bytes).
    Removing object.o(.ARM.exidx.text.rt_object_detach), (8 bytes).
    Removing object.o(.ARM.exidx.text.rt_list_remove), (8 bytes).
    Removing object.o(.ARM.exidx.text.rt_object_is_systemobject), (8 bytes).
    Removing object.o(.text.rt_object_get_type), (8 bytes).
    Removing object.o(.ARM.exidx.text.rt_object_get_type), (8 bytes).
    Removing object.o(.text.rt_object_find), (70 bytes).
    Removing object.o(.ARM.exidx.text.rt_object_find), (8 bytes).
    Removing scheduler.o(.text), (0 bytes).
    Removing scheduler.o(.ARM.exidx.text.rt_system_scheduler_init), (8 bytes).
    Removing scheduler.o(.ARM.exidx.text.rt_list_init), (8 bytes).
    Removing scheduler.o(.ARM.exidx.text.rt_system_scheduler_start), (8 bytes).
    Removing scheduler.o(.ARM.exidx.text.rt_schedule), (8 bytes).
    Removing scheduler.o(.ARM.exidx.text.rt_schedule_insert_thread), (8 bytes).
    Removing scheduler.o(.ARM.exidx.text.rt_list_insert_before), (8 bytes).
    Removing scheduler.o(.ARM.exidx.text.rt_schedule_remove_thread), (8 bytes).
    Removing scheduler.o(.ARM.exidx.text.rt_list_remove), (8 bytes).
    Removing scheduler.o(.ARM.exidx.text.rt_list_isempty), (8 bytes).
    Removing scheduler.o(.ARM.exidx.text.rt_enter_critical), (8 bytes).
    Removing scheduler.o(.ARM.exidx.text.rt_exit_critical), (8 bytes).
    Removing scheduler.o(.text.rt_critical_level), (12 bytes).
    Removing scheduler.o(.ARM.exidx.text.rt_critical_level), (8 bytes).
    Removing thread.o(.text), (0 bytes).
    Removing thread.o(.ARM.exidx.text.rt_thread_exit), (8 bytes).
    Removing thread.o(.ARM.exidx.text.rt_list_insert_after), (8 bytes).
    Removing thread.o(.ARM.exidx.text.rt_thread_init), (8 bytes).
    Removing thread.o(.ARM.exidx.text._rt_thread_init), (8 bytes).
    Removing thread.o(.ARM.exidx.text.rt_thread_self), (8 bytes).
    Removing thread.o(.ARM.exidx.text.rt_thread_startup), (8 bytes).
    Removing thread.o(.ARM.exidx.text.rt_thread_resume), (8 bytes).
    Removing thread.o(.text.rt_thread_detach), (80 bytes).
    Removing thread.o(.ARM.exidx.text.rt_thread_detach), (8 bytes).
    Removing thread.o(.ARM.exidx.text.rt_thread_yield), (8 bytes).
    Removing thread.o(.ARM.exidx.text.rt_list_remove), (8 bytes).
    Removing thread.o(.ARM.exidx.text.rt_list_insert_before), (8 bytes).
    Removing thread.o(.text.rt_thread_sleep), (74 bytes).
    Removing thread.o(.ARM.exidx.text.rt_thread_sleep), (8 bytes).
    Removing thread.o(.text.rt_thread_suspend), (66 bytes).
    Removing thread.o(.ARM.exidx.text.rt_thread_suspend), (8 bytes).
    Removing thread.o(.text.rt_thread_delay), (10 bytes).
    Removing thread.o(.ARM.exidx.text.rt_thread_delay), (8 bytes).
    Removing thread.o(.text.rt_thread_mdelay), (14 bytes).
    Removing thread.o(.ARM.exidx.text.rt_thread_mdelay), (8 bytes).
    Removing thread.o(.text.rt_thread_control), (92 bytes).
    Removing thread.o(.ARM.exidx.text.rt_thread_control), (8 bytes).
    Removing thread.o(.ARM.exidx.text.rt_thread_timeout), (8 bytes).
    Removing thread.o(.text.rt_thread_find), (84 bytes).
    Removing thread.o(.ARM.exidx.text.rt_thread_find), (8 bytes).
    Removing thread.o(.ARM.exidx.text.rt_list_init), (8 bytes).
    Removing timer.o(.text), (0 bytes).
    Removing timer.o(.ARM.exidx.text.rt_timer_init), (8 bytes).
    Removing timer.o(.ARM.exidx.text._rt_timer_init), (8 bytes).
    Removing timer.o(.ARM.exidx.text.rt_timer_detach), (8 bytes).
    Removing timer.o(.ARM.exidx.text._rt_timer_remove), (8 bytes).
    Removing timer.o(.ARM.exidx.text.rt_timer_start), (8 bytes).
    Removing timer.o(.ARM.exidx.text.rt_list_insert_after), (8 bytes).
    Removing timer.o(.ARM.exidx.text.rt_timer_stop), (8 bytes).
    Removing timer.o(.text.rt_timer_control), (52 bytes).
    Removing timer.o(.ARM.exidx.text.rt_timer_control), (8 bytes).
    Removing timer.o(.ARM.exidx.text.rt_timer_check), (8 bytes).
    Removing timer.o(.ARM.exidx.text.rt_list_isempty), (8 bytes).
    Removing timer.o(.text.rt_timer_next_timeout_tick), (8 bytes).
    Removing timer.o(.ARM.exidx.text.rt_timer_next_timeout_tick), (8 bytes).
    Removing timer.o(.text.rt_timer_list_next_timeout), (30 bytes).
    Removing timer.o(.ARM.exidx.text.rt_timer_list_next_timeout), (8 bytes).
    Removing timer.o(.ARM.exidx.text.rt_system_timer_init), (8 bytes).
    Removing timer.o(.ARM.exidx.text.rt_list_init), (8 bytes).
    Removing timer.o(.ARM.exidx.text.rt_system_timer_thread_init), (8 bytes).
    Removing timer.o(.ARM.exidx.text.rt_list_remove), (8 bytes).
    Removing cpuport.o(.text), (0 bytes).
    Removing cpuport.o(.ARM.exidx.text.rt_hw_stack_init), (8 bytes).
    Removing cpuport.o(.text.rt_hw_exception_install), (12 bytes).
    Removing cpuport.o(.ARM.exidx.text.rt_hw_exception_install), (8 bytes).
    Removing cpuport.o(.ARM.exidx.text.rt_hw_hard_fault_exception), (8 bytes).
    Removing cpuport.o(.text.rt_hw_cpu_shutdown), (28 bytes).
    Removing cpuport.o(.ARM.exidx.text.rt_hw_cpu_shutdown), (8 bytes).
    Removing cpuport.o(.text.rt_hw_cpu_reset), (18 bytes).
    Removing cpuport.o(.ARM.exidx.text.rt_hw_cpu_reset), (8 bytes).

630 unused section(s) (total 18774 bytes) removed from the image.

==============================================================================

Image Symbol Table

    Local Symbols

    Symbol Name                              Value     Ov Type        Size  Object(Section)

    ../Middlewares/Third_Party/RealThread_RTOS_RT-Thread/libcpu/arm/cortex-m3/context_rvds.S 0x00000000   Number         0  context_rvds.o ABSOLUTE
    ../clib/microlib/init/entry.s            0x00000000   Number         0  entry.o ABSOLUTE
    ../clib/microlib/init/entry.s            0x00000000   Number         0  entry2.o ABSOLUTE
    ../clib/microlib/init/entry.s            0x00000000   Number         0  entry5.o ABSOLUTE
    ../clib/microlib/init/entry.s            0x00000000   Number         0  entry7a.o ABSOLUTE
    ../clib/microlib/init/entry.s            0x00000000   Number         0  entry7b.o ABSOLUTE
    ../clib/microlib/init/entry.s            0x00000000   Number         0  entry8a.o ABSOLUTE
    ../clib/microlib/init/entry.s            0x00000000   Number         0  entry8b.o ABSOLUTE
    ../clib/microlib/init/entry.s            0x00000000   Number         0  entry9a.o ABSOLUTE
    ../clib/microlib/init/entry.s            0x00000000   Number         0  entry9b.o ABSOLUTE
    ../clib/microlib/init/entry.s            0x00000000   Number         0  entry10a.o ABSOLUTE
    ../clib/microlib/init/entry.s            0x00000000   Number         0  entry10b.o ABSOLUTE
    ../clib/microlib/init/entry.s            0x00000000   Number         0  entry11a.o ABSOLUTE
    ../clib/microlib/init/entry.s            0x00000000   Number         0  entry11b.o ABSOLUTE
    ../clib/microlib/string/memset.c         0x00000000   Number         0  memseta.o ABSOLUTE
    board.c                                  0x00000000   Number         0  board.o ABSOLUTE
    clock.c                                  0x00000000   Number         0  clock.o ABSOLUTE
    components.c                             0x00000000   Number         0  components.o ABSOLUTE
    cpuport.c                                0x00000000   Number         0  cpuport.o ABSOLUTE
    dc.s                                     0x00000000   Number         0  dc.o ABSOLUTE
    handlers.s                               0x00000000   Number         0  handlers.o ABSOLUTE
    idle.c                                   0x00000000   Number         0  idle.o ABSOLUTE
    init.s                                   0x00000000   Number         0  init.o ABSOLUTE
    ipc.c                                    0x00000000   Number         0  ipc.o ABSOLUTE
    irq.c                                    0x00000000   Number         0  irq.o ABSOLUTE
    kservice.c                               0x00000000   Number         0  kservice.o ABSOLUTE
    main.c                                   0x00000000   Number         0  main.o ABSOLUTE
    mem.c                                    0x00000000   Number         0  mem.o ABSOLUTE
    object.c                                 0x00000000   Number         0  object.o ABSOLUTE
    scheduler.c                              0x00000000   Number         0  scheduler.o ABSOLUTE
    startup_stm32f103xe.s                    0x00000000   Number         0  startup_stm32f103xe.o ABSOLUTE
    stm32f1xx_hal.c                          0x00000000   Number         0  stm32f1xx_hal.o ABSOLUTE
    stm32f1xx_hal_cortex.c                   0x00000000   Number         0  stm32f1xx_hal_cortex.o ABSOLUTE
    stm32f1xx_hal_dma.c                      0x00000000   Number         0  stm32f1xx_hal_dma.o ABSOLUTE
    stm32f1xx_hal_exti.c                     0x00000000   Number         0  stm32f1xx_hal_exti.o ABSOLUTE
    stm32f1xx_hal_flash.c                    0x00000000   Number         0  stm32f1xx_hal_flash.o ABSOLUTE
    stm32f1xx_hal_flash_ex.c                 0x00000000   Number         0  stm32f1xx_hal_flash_ex.o ABSOLUTE
    stm32f1xx_hal_gpio.c                     0x00000000   Number         0  stm32f1xx_hal_gpio.o ABSOLUTE
    stm32f1xx_hal_gpio_ex.c                  0x00000000   Number         0  stm32f1xx_hal_gpio_ex.o ABSOLUTE
    stm32f1xx_hal_msp.c                      0x00000000   Number         0  stm32f1xx_hal_msp.o ABSOLUTE
    stm32f1xx_hal_pwr.c                      0x00000000   Number         0  stm32f1xx_hal_pwr.o ABSOLUTE
    stm32f1xx_hal_rcc.c                      0x00000000   Number         0  stm32f1xx_hal_rcc.o ABSOLUTE
    stm32f1xx_hal_rcc_ex.c                   0x00000000   Number         0  stm32f1xx_hal_rcc_ex.o ABSOLUTE
    stm32f1xx_hal_tim.c                      0x00000000   Number         0  stm32f1xx_hal_tim.o ABSOLUTE
    stm32f1xx_hal_tim_ex.c                   0x00000000   Number         0  stm32f1xx_hal_tim_ex.o ABSOLUTE
    stm32f1xx_hal_uart.c                     0x00000000   Number         0  stm32f1xx_hal_uart.o ABSOLUTE
    stm32f1xx_it.c                           0x00000000   Number         0  stm32f1xx_it.o ABSOLUTE
    system_stm32f1xx.c                       0x00000000   Number         0  system_stm32f1xx.o ABSOLUTE
    thread.c                                 0x00000000   Number         0  thread.o ABSOLUTE
    timer.c                                  0x00000000   Number         0  timer.o ABSOLUTE
    RESET                                    0x08000000   Section      304  startup_stm32f103xe.o(RESET)
    .ARM.Collect$$$$00000000                 0x08000130   Section        0  entry.o(.ARM.Collect$$$$00000000)
    .ARM.Collect$$$$00000001                 0x08000130   Section        4  entry2.o(.ARM.Collect$$$$00000001)
    .ARM.Collect$$$$00000004                 0x08000134   Section        4  entry5.o(.ARM.Collect$$$$00000004)
    .ARM.Collect$$$$00000008                 0x08000138   Section        0  entry7b.o(.ARM.Collect$$$$00000008)
    .ARM.Collect$$$$0000000A                 0x08000138   Section        0  entry8b.o(.ARM.Collect$$$$0000000A)
    .ARM.Collect$$$$0000000B                 0x08000138   Section        8  entry9a.o(.ARM.Collect$$$$0000000B)
    __lit__00000000                          0x08000140   Data           4  entry2.o(.ARM.Collect$$$$00002712)
    .ARM.Collect$$$$0000000D                 0x08000140   Section        0  entry10a.o(.ARM.Collect$$$$0000000D)
    .ARM.Collect$$$$0000000F                 0x08000140   Section        0  entry11a.o(.ARM.Collect$$$$0000000F)
    .ARM.Collect$$$$00002712                 0x08000140   Section        4  entry2.o(.ARM.Collect$$$$00002712)
    .text                                    0x08000144   Section       36  startup_stm32f103xe.o(.text)
    .text                                    0x08000168   Section      244  context_rvds.o(.text)
    .text                                    0x0800025c   Section        0  memseta.o(.text)
    .text                                    0x08000280   Section       36  init.o(.text)
    [Anonymous Symbol]                       0x080002a4   Section        0  components.o(.text.$Sub$$main)
    [Anonymous Symbol]                       0x080002b0   Section        0  stm32f1xx_it.o(.text.BusFault_Handler)
    [Anonymous Symbol]                       0x080002b4   Section        0  stm32f1xx_it.o(.text.DebugMon_Handler)
    [Anonymous Symbol]                       0x080002b8   Section        0  stm32f1xx_hal_gpio.o(.text.HAL_GPIO_Init)
    [Anonymous Symbol]                       0x080004a0   Section        0  stm32f1xx_hal.o(.text.HAL_GetTick)
    [Anonymous Symbol]                       0x080004ac   Section        0  stm32f1xx_hal.o(.text.HAL_Init)
    [Anonymous Symbol]                       0x080004d4   Section        0  stm32f1xx_hal.o(.text.HAL_InitTick)
    [Anonymous Symbol]                       0x08000524   Section        0  stm32f1xx_hal_msp.o(.text.HAL_MspInit)
    [Anonymous Symbol]                       0x08000568   Section        0  stm32f1xx_hal_cortex.o(.text.HAL_NVIC_SetPriority)
    [Anonymous Symbol]                       0x08000588   Section        0  stm32f1xx_hal_cortex.o(.text.HAL_NVIC_SetPriorityGrouping)
    [Anonymous Symbol]                       0x08000590   Section        0  stm32f1xx_hal_rcc.o(.text.HAL_RCC_GetHCLKFreq)
    [Anonymous Symbol]                       0x0800059c   Section        0  stm32f1xx_hal_rcc.o(.text.HAL_RCC_GetPCLK1Freq)
    [Anonymous Symbol]                       0x080005c0   Section        0  stm32f1xx_hal_rcc.o(.text.HAL_RCC_GetPCLK2Freq)
    [Anonymous Symbol]                       0x080005e4   Section        0  stm32f1xx_hal_cortex.o(.text.HAL_SYSTICK_Config)
    [Anonymous Symbol]                       0x080005ec   Section        0  stm32f1xx_hal_uart.o(.text.HAL_UART_Init)
    [Anonymous Symbol]                       0x0800064c   Section        0  stm32f1xx_hal_msp.o(.text.HAL_UART_MspInit)
    [Anonymous Symbol]                       0x080006cc   Section        0  stm32f1xx_hal_uart.o(.text.HAL_UART_Transmit)
    [Anonymous Symbol]                       0x0800078c   Section        0  main.o(.text.MX_GPIO_Init)
    [Anonymous Symbol]                       0x080007d0   Section        0  main.o(.text.MX_USART1_UART_Init)
    [Anonymous Symbol]                       0x08000800   Section        0  stm32f1xx_it.o(.text.MemManage_Handler)
    [Anonymous Symbol]                       0x08000804   Section        0  stm32f1xx_it.o(.text.NMI_Handler)
    NVIC_EncodePriority                      0x08000809   Thumb Code    44  stm32f1xx_hal_cortex.o(.text.NVIC_EncodePriority)
    [Anonymous Symbol]                       0x08000808   Section        0  stm32f1xx_hal_cortex.o(.text.NVIC_EncodePriority)
    [Anonymous Symbol]                       0x08000834   Section        0  stm32f1xx_it.o(.text.SVC_Handler)
    SysTick_Config                           0x08000839   Thumb Code    46  stm32f1xx_hal_cortex.o(.text.SysTick_Config)
    [Anonymous Symbol]                       0x08000838   Section        0  stm32f1xx_hal_cortex.o(.text.SysTick_Config)
    [Anonymous Symbol]                       0x08000868   Section        0  board.o(.text.SysTick_Handler)
    [Anonymous Symbol]                       0x08000878   Section        0  system_stm32f1xx.o(.text.SystemCoreClockUpdate)
    [Anonymous Symbol]                       0x080008e8   Section        0  system_stm32f1xx.o(.text.SystemInit)
    UART_SetConfig                           0x08000939   Thumb Code   142  stm32f1xx_hal_uart.o(.text.UART_SetConfig)
    [Anonymous Symbol]                       0x08000938   Section        0  stm32f1xx_hal_uart.o(.text.UART_SetConfig)
    UART_WaitOnFlagUntilTimeout              0x080009c9   Thumb Code   100  stm32f1xx_hal_uart.o(.text.UART_WaitOnFlagUntilTimeout)
    [Anonymous Symbol]                       0x080009c8   Section        0  stm32f1xx_hal_uart.o(.text.UART_WaitOnFlagUntilTimeout)
    [Anonymous Symbol]                       0x08000a2c   Section        0  stm32f1xx_it.o(.text.UsageFault_Handler)
    _SysTick_Config                          0x08000a31   Thumb Code    42  board.o(.text._SysTick_Config)
    [Anonymous Symbol]                       0x08000a30   Section        0  board.o(.text._SysTick_Config)
    __NVIC_GetPriorityGrouping               0x08000a5d   Thumb Code    16  stm32f1xx_hal_cortex.o(.text.__NVIC_GetPriorityGrouping)
    [Anonymous Symbol]                       0x08000a5c   Section        0  stm32f1xx_hal_cortex.o(.text.__NVIC_GetPriorityGrouping)
    __NVIC_SetPriority                       0x08000a6d   Thumb Code    34  stm32f1xx_hal_cortex.o(.text.__NVIC_SetPriority)
    [Anonymous Symbol]                       0x08000a6c   Section        0  stm32f1xx_hal_cortex.o(.text.__NVIC_SetPriority)
    __NVIC_SetPriorityGrouping               0x08000a91   Thumb Code    32  stm32f1xx_hal_cortex.o(.text.__NVIC_SetPriorityGrouping)
    [Anonymous Symbol]                       0x08000a90   Section        0  stm32f1xx_hal_cortex.o(.text.__NVIC_SetPriorityGrouping)
    [Anonymous Symbol]                       0x08000ab0   Section        0  kservice.o(.text.__rt_ffs)
    _has_defunct_thread                      0x08000ae9   Thumb Code    18  idle.o(.text._has_defunct_thread)
    [Anonymous Symbol]                       0x08000ae8   Section        0  idle.o(.text._has_defunct_thread)
    _rt_thread_init                          0x08000afd   Thumb Code   128  thread.o(.text._rt_thread_init)
    [Anonymous Symbol]                       0x08000afc   Section        0  thread.o(.text._rt_thread_init)
    _rt_timer_init                           0x08000b7d   Thumb Code    34  timer.o(.text._rt_timer_init)
    [Anonymous Symbol]                       0x08000b7c   Section        0  timer.o(.text._rt_timer_init)
    _rt_timer_remove                         0x08000ba1   Thumb Code    10  timer.o(.text._rt_timer_remove)
    [Anonymous Symbol]                       0x08000ba0   Section        0  timer.o(.text._rt_timer_remove)
    divide                                   0x08000bad   Thumb Code    44  kservice.o(.text.divide)
    [Anonymous Symbol]                       0x08000bac   Section        0  kservice.o(.text.divide)
    [Anonymous Symbol]                       0x08000bd8   Section        0  main.o(.text.main)
    [Anonymous Symbol]                       0x08000c00   Section        0  components.o(.text.main_thread_entry)
    print_number                             0x08000c0d   Thumb Code   424  kservice.o(.text.print_number)
    [Anonymous Symbol]                       0x08000c0c   Section        0  kservice.o(.text.print_number)
    [Anonymous Symbol]                       0x08000db4   Section        0  components.o(.text.rt_application_init)
    [Anonymous Symbol]                       0x08000e00   Section        0  components.o(.text.rt_components_board_init)
    [Anonymous Symbol]                       0x08000e2c   Section        0  components.o(.text.rt_components_init)
    [Anonymous Symbol]                       0x08000e58   Section        0  scheduler.o(.text.rt_enter_critical)
    [Anonymous Symbol]                       0x08000e74   Section        0  scheduler.o(.text.rt_exit_critical)
    [Anonymous Symbol]                       0x08000eb4   Section        0  board.o(.text.rt_hw_board_init)
    [Anonymous Symbol]                       0x08000edc   Section        0  main.o(.text.rt_hw_console_output)
    [Anonymous Symbol]                       0x08000ee0   Section        0  cpuport.o(.text.rt_hw_hard_fault_exception)
    [Anonymous Symbol]                       0x08001068   Section        0  cpuport.o(.text.rt_hw_stack_init)
    [Anonymous Symbol]                       0x080010ac   Section        0  irq.o(.text.rt_interrupt_enter)
    [Anonymous Symbol]                       0x080010c8   Section        0  irq.o(.text.rt_interrupt_leave)
    [Anonymous Symbol]                       0x080010e4   Section        0  kservice.o(.text.rt_kprintf)
    rt_list_init                             0x08001119   Thumb Code     6  scheduler.o(.text.rt_list_init)
    [Anonymous Symbol]                       0x08001118   Section        0  scheduler.o(.text.rt_list_init)
    rt_list_init                             0x08001121   Thumb Code     6  thread.o(.text.rt_list_init)
    [Anonymous Symbol]                       0x08001120   Section        0  thread.o(.text.rt_list_init)
    rt_list_init                             0x08001129   Thumb Code     6  timer.o(.text.rt_list_init)
    [Anonymous Symbol]                       0x08001128   Section        0  timer.o(.text.rt_list_init)
    rt_list_insert_after                     0x08001131   Thumb Code    12  object.o(.text.rt_list_insert_after)
    [Anonymous Symbol]                       0x08001130   Section        0  object.o(.text.rt_list_insert_after)
    rt_list_insert_after                     0x0800113d   Thumb Code    20  thread.o(.text.rt_list_insert_after)
    [Anonymous Symbol]                       0x0800113c   Section        0  thread.o(.text.rt_list_insert_after)
    rt_list_insert_after                     0x08001151   Thumb Code    12  timer.o(.text.rt_list_insert_after)
    [Anonymous Symbol]                       0x08001150   Section        0  timer.o(.text.rt_list_insert_after)
    rt_list_insert_before                    0x0800115d   Thumb Code    12  scheduler.o(.text.rt_list_insert_before)
    [Anonymous Symbol]                       0x0800115c   Section        0  scheduler.o(.text.rt_list_insert_before)
    rt_list_insert_before                    0x08001169   Thumb Code    12  thread.o(.text.rt_list_insert_before)
    [Anonymous Symbol]                       0x08001168   Section        0  thread.o(.text.rt_list_insert_before)
    rt_list_isempty                          0x08001175   Thumb Code    12  scheduler.o(.text.rt_list_isempty)
    [Anonymous Symbol]                       0x08001174   Section        0  scheduler.o(.text.rt_list_isempty)
    rt_list_isempty                          0x08001181   Thumb Code    20  timer.o(.text.rt_list_isempty)
    [Anonymous Symbol]                       0x08001180   Section        0  timer.o(.text.rt_list_isempty)
    rt_list_remove                           0x08001195   Thumb Code    16  idle.o(.text.rt_list_remove)
    [Anonymous Symbol]                       0x08001194   Section        0  idle.o(.text.rt_list_remove)
    rt_list_remove                           0x080011a5   Thumb Code    16  object.o(.text.rt_list_remove)
    [Anonymous Symbol]                       0x080011a4   Section        0  object.o(.text.rt_list_remove)
    rt_list_remove                           0x080011b5   Thumb Code    16  scheduler.o(.text.rt_list_remove)
    [Anonymous Symbol]                       0x080011b4   Section        0  scheduler.o(.text.rt_list_remove)
    rt_list_remove                           0x080011c5   Thumb Code    16  thread.o(.text.rt_list_remove)
    [Anonymous Symbol]                       0x080011c4   Section        0  thread.o(.text.rt_list_remove)
    rt_list_remove                           0x080011d5   Thumb Code    16  timer.o(.text.rt_list_remove)
    [Anonymous Symbol]                       0x080011d4   Section        0  timer.o(.text.rt_list_remove)
    [Anonymous Symbol]                       0x080011e4   Section        0  kservice.o(.text.rt_memset)
    [Anonymous Symbol]                       0x0800124c   Section        0  object.o(.text.rt_object_detach)
    [Anonymous Symbol]                       0x0800126c   Section        0  object.o(.text.rt_object_get_information)
    [Anonymous Symbol]                       0x08001290   Section        0  object.o(.text.rt_object_init)
    [Anonymous Symbol]                       0x080012e0   Section        0  object.o(.text.rt_object_is_systemobject)
    [Anonymous Symbol]                       0x080012e8   Section        0  scheduler.o(.text.rt_schedule)
    [Anonymous Symbol]                       0x08001364   Section        0  scheduler.o(.text.rt_schedule_insert_thread)
    [Anonymous Symbol]                       0x080013ac   Section        0  scheduler.o(.text.rt_schedule_remove_thread)
    [Anonymous Symbol]                       0x080013f0   Section        0  kservice.o(.text.rt_show_version)
    [Anonymous Symbol]                       0x080014a8   Section        0  kservice.o(.text.rt_strlen)
    [Anonymous Symbol]                       0x080014b8   Section        0  kservice.o(.text.rt_strncpy)
    [Anonymous Symbol]                       0x080014ec   Section        0  scheduler.o(.text.rt_system_scheduler_init)
    [Anonymous Symbol]                       0x08001544   Section        0  scheduler.o(.text.rt_system_scheduler_start)
    [Anonymous Symbol]                       0x0800157c   Section        0  timer.o(.text.rt_system_timer_init)
    [Anonymous Symbol]                       0x0800158c   Section        0  timer.o(.text.rt_system_timer_thread_init)
    [Anonymous Symbol]                       0x08001590   Section        0  thread.o(.text.rt_thread_exit)
    rt_thread_idle_entry                     0x080015e1   Thumb Code     6  idle.o(.text.rt_thread_idle_entry)
    [Anonymous Symbol]                       0x080015e0   Section        0  idle.o(.text.rt_thread_idle_entry)
    [Anonymous Symbol]                       0x080015e8   Section        0  idle.o(.text.rt_thread_idle_excute)
    [Anonymous Symbol]                       0x08001654   Section        0  idle.o(.text.rt_thread_idle_init)
    [Anonymous Symbol]                       0x080016a0   Section        0  thread.o(.text.rt_thread_init)
    [Anonymous Symbol]                       0x080016d8   Section        0  thread.o(.text.rt_thread_resume)
    [Anonymous Symbol]                       0x08001714   Section        0  thread.o(.text.rt_thread_self)
    [Anonymous Symbol]                       0x08001720   Section        0  thread.o(.text.rt_thread_startup)
    [Anonymous Symbol]                       0x0800174c   Section        0  thread.o(.text.rt_thread_timeout)
    [Anonymous Symbol]                       0x0800176c   Section        0  thread.o(.text.rt_thread_yield)
    [Anonymous Symbol]                       0x080017cc   Section        0  clock.o(.text.rt_tick_get)
    [Anonymous Symbol]                       0x080017d8   Section        0  clock.o(.text.rt_tick_increase)
    [Anonymous Symbol]                       0x08001808   Section        0  timer.o(.text.rt_timer_check)
    [Anonymous Symbol]                       0x08001888   Section        0  timer.o(.text.rt_timer_detach)
    [Anonymous Symbol]                       0x080018a8   Section        0  timer.o(.text.rt_timer_init)
    [Anonymous Symbol]                       0x080018d4   Section        0  timer.o(.text.rt_timer_start)
    [Anonymous Symbol]                       0x08001968   Section        0  timer.o(.text.rt_timer_stop)
    [Anonymous Symbol]                       0x08001998   Section        0  kservice.o(.text.rt_vsnprintf)
    rti_board_end                            0x08001d09   Thumb Code     4  components.o(.text.rti_board_end)
    [Anonymous Symbol]                       0x08001d08   Section        0  components.o(.text.rti_board_end)
    rti_board_start                          0x08001d0d   Thumb Code     4  components.o(.text.rti_board_start)
    [Anonymous Symbol]                       0x08001d0c   Section        0  components.o(.text.rti_board_start)
    rti_end                                  0x08001d11   Thumb Code     4  components.o(.text.rti_end)
    [Anonymous Symbol]                       0x08001d10   Section        0  components.o(.text.rti_end)
    rti_start                                0x08001d15   Thumb Code     4  components.o(.text.rti_start)
    [Anonymous Symbol]                       0x08001d14   Section        0  components.o(.text.rti_start)
    [Anonymous Symbol]                       0x08001d18   Section        0  components.o(.text.rtthread_startup)
    skip_atoi                                0x08001d45   Thumb Code    64  kservice.o(.text.skip_atoi)
    [Anonymous Symbol]                       0x08001d44   Section        0  kservice.o(.text.skip_atoi)
    i.__scatterload_copy                     0x08001d84   Section       14  handlers.o(i.__scatterload_copy)
    i.__scatterload_null                     0x08001d92   Section        2  handlers.o(i.__scatterload_null)
    i.__scatterload_zeroinit                 0x08001d94   Section       14  handlers.o(i.__scatterload_zeroinit)
    .L.str.5                                 0x08001eba   Data           7  kservice.o(.rodata.str1.1)
    [Anonymous Symbol]                       0x08001eba   Section        0  kservice.o(.rodata.str1.1)
    print_number.large_digits                0x08001ec1   Data          17  kservice.o(.rodata.str1.1)
    print_number.small_digits                0x08001ed2   Data          17  kservice.o(.rodata.str1.1)
    .L.str.17                                0x08001ee3   Data          26  cpuport.o(.rodata.str1.1)
    [Anonymous Symbol]                       0x08001ee3   Section        0  cpuport.o(.rodata.str1.1)
    .L.str.16                                0x08001efd   Data          29  cpuport.o(.rodata.str1.1)
    .L.str.1                                 0x08001f1a   Data          13  cpuport.o(.rodata.str1.1)
    .L.str.2                                 0x08001f27   Data          13  cpuport.o(.rodata.str1.1)
    .L.str.3                                 0x08001f34   Data          13  cpuport.o(.rodata.str1.1)
    .L.str.4                                 0x08001f41   Data          13  cpuport.o(.rodata.str1.1)
    .L.str.5                                 0x08001f4e   Data          13  cpuport.o(.rodata.str1.1)
    .L.str                                   0x08001f5b   Data          13  cpuport.o(.rodata.str1.1)
    __tagsym$$used.0                         0x08001f68   Number         0  components.o(.rti_fn.0)
    __tagsym$$used.1                         0x08001f6c   Number         0  components.o(.rti_fn.0.end)
    __tagsym$$used.2                         0x08001f70   Number         0  components.o(.rti_fn.1.end)
    __tagsym$$used.3                         0x08001f74   Number         0  components.o(.rti_fn.6.end)
    rt_object_container                      0x20000004   Data          48  object.o(.data.rt_object_container)
    [Anonymous Symbol]                       0x20000004   Section        0  object.o(.data.rt_object_container)
    idle                                     0x20000080   Data         120  idle.o(.bss.idle)
    [Anonymous Symbol]                       0x20000080   Section        0  idle.o(.bss.idle)
    main_stack                               0x200000f8   Data        1024  components.o(.bss.main_stack)
    [Anonymous Symbol]                       0x200000f8   Section        0  components.o(.bss.main_stack)
    rt_exception_hook                        0x20000578   Data           4  cpuport.o(.bss.rt_exception_hook)
    [Anonymous Symbol]                       0x20000578   Section        0  cpuport.o(.bss.rt_exception_hook)
    rt_kprintf.rt_log_buf                    0x20000588   Data         128  kservice.o(.bss.rt_kprintf.rt_log_buf)
    [Anonymous Symbol]                       0x20000588   Section        0  kservice.o(.bss.rt_kprintf.rt_log_buf)
    rt_scheduler_lock_nest                   0x20000608   Data           2  scheduler.o(.bss.rt_scheduler_lock_nest)
    [Anonymous Symbol]                       0x20000608   Section        0  scheduler.o(.bss.rt_scheduler_lock_nest)
    rt_thread_stack                          0x20000718   Data         128  idle.o(.bss.rt_thread_stack)
    [Anonymous Symbol]                       0x20000718   Section        0  idle.o(.bss.rt_thread_stack)
    rt_tick                                  0x2000079c   Data           4  clock.o(.bss.rt_tick)
    [Anonymous Symbol]                       0x2000079c   Section        0  clock.o(.bss.rt_tick)
    rt_timer_list                            0x200007a0   Data           8  timer.o(.bss.rt_timer_list)
    [Anonymous Symbol]                       0x200007a0   Section        0  timer.o(.bss.rt_timer_list)
    rt_timer_start.random_nr                 0x200007a8   Data           4  timer.o(.bss.rt_timer_start.random_nr)
    [Anonymous Symbol]                       0x200007a8   Section        0  timer.o(.bss.rt_timer_start.random_nr)
    STACK                                    0x200007b0   Section     1024  startup_stm32f103xe.o(STACK)

    Global Symbols

    Symbol Name                              Value     Ov Type        Size  Object(Section)

    BuildAttributes$$THM_ISAv4$P$D$K$B$S$PE$A:L22UL41UL21$X:L11$S22US41US21$IEEE1$IW$~IW$USESV6$~STKCKD$USESV7$~SHL$OTIME$EBA8$MICROLIB$REQ8$PRES8$EABIv2 0x00000000   Number         0  anon$$obj.o ABSOLUTE
    __cpp_initialize__aeabi_                  - Undefined Weak Reference
    __cxa_finalize                            - Undefined Weak Reference
    __decompress                              - Undefined Weak Reference
    _clock_init                               - Undefined Weak Reference
    _microlib_exit                            - Undefined Weak Reference
    __Vectors_Size                           0x00000130   Number         0  startup_stm32f103xe.o ABSOLUTE
    __Vectors                                0x08000000   Data           4  startup_stm32f103xe.o(RESET)
    __Vectors_End                            0x08000130   Data           0  startup_stm32f103xe.o(RESET)
    __main                                   0x08000131   Thumb Code     0  entry.o(.ARM.Collect$$$$00000000)
    _main_stk                                0x08000131   Thumb Code     0  entry2.o(.ARM.Collect$$$$00000001)
    _main_scatterload                        0x08000135   Thumb Code     0  entry5.o(.ARM.Collect$$$$00000004)
    __main_after_scatterload                 0x08000139   Thumb Code     0  entry5.o(.ARM.Collect$$$$00000004)
    _main_clock                              0x08000139   Thumb Code     0  entry7b.o(.ARM.Collect$$$$00000008)
    _main_cpp_init                           0x08000139   Thumb Code     0  entry8b.o(.ARM.Collect$$$$0000000A)
    _main_init                               0x08000139   Thumb Code     0  entry9a.o(.ARM.Collect$$$$0000000B)
    __rt_final_cpp                           0x08000141   Thumb Code     0  entry10a.o(.ARM.Collect$$$$0000000D)
    __rt_final_exit                          0x08000141   Thumb Code     0  entry11a.o(.ARM.Collect$$$$0000000F)
    Reset_Handler                            0x08000145   Thumb Code     8  startup_stm32f103xe.o(.text)
    ADC1_2_IRQHandler                        0x0800015f   Thumb Code     0  startup_stm32f103xe.o(.text)
    ADC3_IRQHandler                          0x0800015f   Thumb Code     0  startup_stm32f103xe.o(.text)
    CAN1_RX1_IRQHandler                      0x0800015f   Thumb Code     0  startup_stm32f103xe.o(.text)
    CAN1_SCE_IRQHandler                      0x0800015f   Thumb Code     0  startup_stm32f103xe.o(.text)
    DMA1_Channel1_IRQHandler                 0x0800015f   Thumb Code     0  startup_stm32f103xe.o(.text)
    DMA1_Channel2_IRQHandler                 0x0800015f   Thumb Code     0  startup_stm32f103xe.o(.text)
    DMA1_Channel3_IRQHandler                 0x0800015f   Thumb Code     0  startup_stm32f103xe.o(.text)
    DMA1_Channel4_IRQHandler                 0x0800015f   Thumb Code     0  startup_stm32f103xe.o(.text)
    DMA1_Channel5_IRQHandler                 0x0800015f   Thumb Code     0  startup_stm32f103xe.o(.text)
    DMA1_Channel6_IRQHandler                 0x0800015f   Thumb Code     0  startup_stm32f103xe.o(.text)
    DMA1_Channel7_IRQHandler                 0x0800015f   Thumb Code     0  startup_stm32f103xe.o(.text)
    DMA2_Channel1_IRQHandler                 0x0800015f   Thumb Code     0  startup_stm32f103xe.o(.text)
    DMA2_Channel2_IRQHandler                 0x0800015f   Thumb Code     0  startup_stm32f103xe.o(.text)
    DMA2_Channel3_IRQHandler                 0x0800015f   Thumb Code     0  startup_stm32f103xe.o(.text)
    DMA2_Channel4_5_IRQHandler               0x0800015f   Thumb Code     0  startup_stm32f103xe.o(.text)
    EXTI0_IRQHandler                         0x0800015f   Thumb Code     0  startup_stm32f103xe.o(.text)
    EXTI15_10_IRQHandler                     0x0800015f   Thumb Code     0  startup_stm32f103xe.o(.text)
    EXTI1_IRQHandler                         0x0800015f   Thumb Code     0  startup_stm32f103xe.o(.text)
    EXTI2_IRQHandler                         0x0800015f   Thumb Code     0  startup_stm32f103xe.o(.text)
    EXTI3_IRQHandler                         0x0800015f   Thumb Code     0  startup_stm32f103xe.o(.text)
    EXTI4_IRQHandler                         0x0800015f   Thumb Code     0  startup_stm32f103xe.o(.text)
    EXTI9_5_IRQHandler                       0x0800015f   Thumb Code     0  startup_stm32f103xe.o(.text)
    FLASH_IRQHandler                         0x0800015f   Thumb Code     0  startup_stm32f103xe.o(.text)
    FSMC_IRQHandler                          0x0800015f   Thumb Code     0  startup_stm32f103xe.o(.text)
    I2C1_ER_IRQHandler                       0x0800015f   Thumb Code     0  startup_stm32f103xe.o(.text)
    I2C1_EV_IRQHandler                       0x0800015f   Thumb Code     0  startup_stm32f103xe.o(.text)
    I2C2_ER_IRQHandler                       0x0800015f   Thumb Code     0  startup_stm32f103xe.o(.text)
    I2C2_EV_IRQHandler                       0x0800015f   Thumb Code     0  startup_stm32f103xe.o(.text)
    PVD_IRQHandler                           0x0800015f   Thumb Code     0  startup_stm32f103xe.o(.text)
    RCC_IRQHandler                           0x0800015f   Thumb Code     0  startup_stm32f103xe.o(.text)
    RTC_Alarm_IRQHandler                     0x0800015f   Thumb Code     0  startup_stm32f103xe.o(.text)
    RTC_IRQHandler                           0x0800015f   Thumb Code     0  startup_stm32f103xe.o(.text)
    SDIO_IRQHandler                          0x0800015f   Thumb Code     0  startup_stm32f103xe.o(.text)
    SPI1_IRQHandler                          0x0800015f   Thumb Code     0  startup_stm32f103xe.o(.text)
    SPI2_IRQHandler                          0x0800015f   Thumb Code     0  startup_stm32f103xe.o(.text)
    SPI3_IRQHandler                          0x0800015f   Thumb Code     0  startup_stm32f103xe.o(.text)
    TAMPER_IRQHandler                        0x0800015f   Thumb Code     0  startup_stm32f103xe.o(.text)
    TIM1_BRK_IRQHandler                      0x0800015f   Thumb Code     0  startup_stm32f103xe.o(.text)
    TIM1_CC_IRQHandler                       0x0800015f   Thumb Code     0  startup_stm32f103xe.o(.text)
    TIM1_TRG_COM_IRQHandler                  0x0800015f   Thumb Code     0  startup_stm32f103xe.o(.text)
    TIM1_UP_IRQHandler                       0x0800015f   Thumb Code     0  startup_stm32f103xe.o(.text)
    TIM2_IRQHandler                          0x0800015f   Thumb Code     0  startup_stm32f103xe.o(.text)
    TIM3_IRQHandler                          0x0800015f   Thumb Code     0  startup_stm32f103xe.o(.text)
    TIM4_IRQHandler                          0x0800015f   Thumb Code     0  startup_stm32f103xe.o(.text)
    TIM5_IRQHandler                          0x0800015f   Thumb Code     0  startup_stm32f103xe.o(.text)
    TIM6_IRQHandler                          0x0800015f   Thumb Code     0  startup_stm32f103xe.o(.text)
    TIM7_IRQHandler                          0x0800015f   Thumb Code     0  startup_stm32f103xe.o(.text)
    TIM8_BRK_IRQHandler                      0x0800015f   Thumb Code     0  startup_stm32f103xe.o(.text)
    TIM8_CC_IRQHandler                       0x0800015f   Thumb Code     0  startup_stm32f103xe.o(.text)
    TIM8_TRG_COM_IRQHandler                  0x0800015f   Thumb Code     0  startup_stm32f103xe.o(.text)
    TIM8_UP_IRQHandler                       0x0800015f   Thumb Code     0  startup_stm32f103xe.o(.text)
    UART4_IRQHandler                         0x0800015f   Thumb Code     0  startup_stm32f103xe.o(.text)
    UART5_IRQHandler                         0x0800015f   Thumb Code     0  startup_stm32f103xe.o(.text)
    USART1_IRQHandler                        0x0800015f   Thumb Code     0  startup_stm32f103xe.o(.text)
    USART2_IRQHandler                        0x0800015f   Thumb Code     0  startup_stm32f103xe.o(.text)
    USART3_IRQHandler                        0x0800015f   Thumb Code     0  startup_stm32f103xe.o(.text)
    USBWakeUp_IRQHandler                     0x0800015f   Thumb Code     0  startup_stm32f103xe.o(.text)
    USB_HP_CAN1_TX_IRQHandler                0x0800015f   Thumb Code     0  startup_stm32f103xe.o(.text)
    USB_LP_CAN1_RX0_IRQHandler               0x0800015f   Thumb Code     0  startup_stm32f103xe.o(.text)
    WWDG_IRQHandler                          0x0800015f   Thumb Code     0  startup_stm32f103xe.o(.text)
    rt_hw_interrupt_disable                  0x08000169   Thumb Code     8  context_rvds.o(.text)
    rt_hw_interrupt_enable                   0x08000171   Thumb Code     6  context_rvds.o(.text)
    rt_hw_context_switch                     0x08000177   Thumb Code    32  context_rvds.o(.text)
    rt_hw_context_switch_interrupt           0x08000177   Thumb Code     0  context_rvds.o(.text)
    PendSV_Handler                           0x08000197   Thumb Code    60  context_rvds.o(.text)
    rt_hw_context_switch_to                  0x080001d3   Thumb Code    58  context_rvds.o(.text)
    rt_hw_interrupt_thread_switch            0x0800020d   Thumb Code     2  context_rvds.o(.text)
    HardFault_Handler                        0x0800020f   Thumb Code    52  context_rvds.o(.text)
    __aeabi_memset                           0x0800025d   Thumb Code    14  memseta.o(.text)
    __aeabi_memset4                          0x0800025d   Thumb Code     0  memseta.o(.text)
    __aeabi_memset8                          0x0800025d   Thumb Code     0  memseta.o(.text)
    __aeabi_memclr                           0x0800026b   Thumb Code     4  memseta.o(.text)
    __aeabi_memclr4                          0x0800026b   Thumb Code     0  memseta.o(.text)
    __aeabi_memclr8                          0x0800026b   Thumb Code     0  memseta.o(.text)
    _memset$wrapper                          0x0800026f   Thumb Code    18  memseta.o(.text)
    __scatterload                            0x08000281   Thumb Code    28  init.o(.text)
    __scatterload_rt2                        0x08000281   Thumb Code     0  init.o(.text)
    main                                     0x080002a5   Thumb Code    10  components.o(.text.$Sub$$main)
    BusFault_Handler                         0x080002b1   Thumb Code     2  stm32f1xx_it.o(.text.BusFault_Handler)
    DebugMon_Handler                         0x080002b5   Thumb Code     2  stm32f1xx_it.o(.text.DebugMon_Handler)
    HAL_GPIO_Init                            0x080002b9   Thumb Code   488  stm32f1xx_hal_gpio.o(.text.HAL_GPIO_Init)
    HAL_GetTick                              0x080004a1   Thumb Code    12  stm32f1xx_hal.o(.text.HAL_GetTick)
    HAL_Init                                 0x080004ad   Thumb Code    38  stm32f1xx_hal.o(.text.HAL_Init)
    HAL_InitTick                             0x080004d5   Thumb Code    80  stm32f1xx_hal.o(.text.HAL_InitTick)
    HAL_MspInit                              0x08000525   Thumb Code    66  stm32f1xx_hal_msp.o(.text.HAL_MspInit)
    HAL_NVIC_SetPriority                     0x08000569   Thumb Code    30  stm32f1xx_hal_cortex.o(.text.HAL_NVIC_SetPriority)
    HAL_NVIC_SetPriorityGrouping             0x08000589   Thumb Code     8  stm32f1xx_hal_cortex.o(.text.HAL_NVIC_SetPriorityGrouping)
    HAL_RCC_GetHCLKFreq                      0x08000591   Thumb Code    12  stm32f1xx_hal_rcc.o(.text.HAL_RCC_GetHCLKFreq)
    HAL_RCC_GetPCLK1Freq                     0x0800059d   Thumb Code    34  stm32f1xx_hal_rcc.o(.text.HAL_RCC_GetPCLK1Freq)
    HAL_RCC_GetPCLK2Freq                     0x080005c1   Thumb Code    34  stm32f1xx_hal_rcc.o(.text.HAL_RCC_GetPCLK2Freq)
    HAL_SYSTICK_Config                       0x080005e5   Thumb Code     8  stm32f1xx_hal_cortex.o(.text.HAL_SYSTICK_Config)
    HAL_UART_Init                            0x080005ed   Thumb Code    94  stm32f1xx_hal_uart.o(.text.HAL_UART_Init)
    HAL_UART_MspInit                         0x0800064d   Thumb Code   126  stm32f1xx_hal_msp.o(.text.HAL_UART_MspInit)
    HAL_UART_Transmit                        0x080006cd   Thumb Code   190  stm32f1xx_hal_uart.o(.text.HAL_UART_Transmit)
    MX_GPIO_Init                             0x0800078d   Thumb Code    68  main.o(.text.MX_GPIO_Init)
    MX_USART1_UART_Init                      0x080007d1   Thumb Code    48  main.o(.text.MX_USART1_UART_Init)
    MemManage_Handler                        0x08000801   Thumb Code     2  stm32f1xx_it.o(.text.MemManage_Handler)
    NMI_Handler                              0x08000805   Thumb Code     2  stm32f1xx_it.o(.text.NMI_Handler)
    SVC_Handler                              0x08000835   Thumb Code     2  stm32f1xx_it.o(.text.SVC_Handler)
    SysTick_Handler                          0x08000869   Thumb Code    16  board.o(.text.SysTick_Handler)
    SystemCoreClockUpdate                    0x08000879   Thumb Code   110  system_stm32f1xx.o(.text.SystemCoreClockUpdate)
    SystemInit                               0x080008e9   Thumb Code    80  system_stm32f1xx.o(.text.SystemInit)
    UsageFault_Handler                       0x08000a2d   Thumb Code     2  stm32f1xx_it.o(.text.UsageFault_Handler)
    __rt_ffs                                 0x08000ab1   Thumb Code    56  kservice.o(.text.__rt_ffs)
    $Super$$main                             0x08000bd9   Thumb Code    40  main.o(.text.main)
    main_thread_entry                        0x08000c01   Thumb Code    12  components.o(.text.main_thread_entry)
    rt_application_init                      0x08000db5   Thumb Code    76  components.o(.text.rt_application_init)
    rt_components_board_init                 0x08000e01   Thumb Code    44  components.o(.text.rt_components_board_init)
    rt_components_init                       0x08000e2d   Thumb Code    44  components.o(.text.rt_components_init)
    rt_enter_critical                        0x08000e59   Thumb Code    26  scheduler.o(.text.rt_enter_critical)
    rt_exit_critical                         0x08000e75   Thumb Code    62  scheduler.o(.text.rt_exit_critical)
    rt_hw_board_init                         0x08000eb5   Thumb Code    40  board.o(.text.rt_hw_board_init)
    rt_hw_console_output                     0x08000edd   Thumb Code     2  main.o(.text.rt_hw_console_output)
    rt_hw_hard_fault_exception               0x08000ee1   Thumb Code   392  cpuport.o(.text.rt_hw_hard_fault_exception)
    rt_hw_stack_init                         0x08001069   Thumb Code    66  cpuport.o(.text.rt_hw_stack_init)
    rt_interrupt_enter                       0x080010ad   Thumb Code    26  irq.o(.text.rt_interrupt_enter)
    rt_interrupt_leave                       0x080010c9   Thumb Code    26  irq.o(.text.rt_interrupt_leave)
    rt_kprintf                               0x080010e5   Thumb Code    50  kservice.o(.text.rt_kprintf)
    rt_memset                                0x080011e5   Thumb Code   104  kservice.o(.text.rt_memset)
    rt_object_detach                         0x0800124d   Thumb Code    30  object.o(.text.rt_object_detach)
    rt_object_get_information                0x0800126d   Thumb Code    34  object.o(.text.rt_object_get_information)
    rt_object_init                           0x08001291   Thumb Code    80  object.o(.text.rt_object_init)
    rt_object_is_systemobject                0x080012e1   Thumb Code     6  object.o(.text.rt_object_is_systemobject)
    rt_schedule                              0x080012e9   Thumb Code   124  scheduler.o(.text.rt_schedule)
    rt_schedule_insert_thread                0x08001365   Thumb Code    72  scheduler.o(.text.rt_schedule_insert_thread)
    rt_schedule_remove_thread                0x080013ad   Thumb Code    66  scheduler.o(.text.rt_schedule_remove_thread)
    rt_show_version                          0x080013f1   Thumb Code   184  kservice.o(.text.rt_show_version)
    rt_strlen                                0x080014a9   Thumb Code    16  kservice.o(.text.rt_strlen)
    rt_strncpy                               0x080014b9   Thumb Code    50  kservice.o(.text.rt_strncpy)
    rt_system_scheduler_init                 0x080014ed   Thumb Code    86  scheduler.o(.text.rt_system_scheduler_init)
    rt_system_scheduler_start                0x08001545   Thumb Code    54  scheduler.o(.text.rt_system_scheduler_start)
    rt_system_timer_init                     0x0800157d   Thumb Code    16  timer.o(.text.rt_system_timer_init)
    rt_system_timer_thread_init              0x0800158d   Thumb Code     2  timer.o(.text.rt_system_timer_thread_init)
    rt_thread_exit                           0x08001591   Thumb Code    80  thread.o(.text.rt_thread_exit)
    rt_thread_idle_excute                    0x080015e9   Thumb Code   108  idle.o(.text.rt_thread_idle_excute)
    rt_thread_idle_init                      0x08001655   Thumb Code    76  idle.o(.text.rt_thread_idle_init)
    rt_thread_init                           0x080016a1   Thumb Code    56  thread.o(.text.rt_thread_init)
    rt_thread_resume                         0x080016d9   Thumb Code    60  thread.o(.text.rt_thread_resume)
    rt_thread_self                           0x08001715   Thumb Code    12  thread.o(.text.rt_thread_self)
    rt_thread_startup                        0x08001721   Thumb Code    44  thread.o(.text.rt_thread_startup)
    rt_thread_timeout                        0x0800174d   Thumb Code    30  thread.o(.text.rt_thread_timeout)
    rt_thread_yield                          0x0800176d   Thumb Code    94  thread.o(.text.rt_thread_yield)
    rt_tick_get                              0x080017cd   Thumb Code    12  clock.o(.text.rt_tick_get)
    rt_tick_increase                         0x080017d9   Thumb Code    48  clock.o(.text.rt_tick_increase)
    rt_timer_check                           0x08001809   Thumb Code   126  timer.o(.text.rt_timer_check)
    rt_timer_detach                          0x08001889   Thumb Code    32  timer.o(.text.rt_timer_detach)
    rt_timer_init                            0x080018a9   Thumb Code    44  timer.o(.text.rt_timer_init)
    rt_timer_start                           0x080018d5   Thumb Code   146  timer.o(.text.rt_timer_start)
    rt_timer_stop                            0x08001969   Thumb Code    46  timer.o(.text.rt_timer_stop)
    rt_vsnprintf                             0x08001999   Thumb Code   880  kservice.o(.text.rt_vsnprintf)
    rtthread_startup                         0x08001d19   Thumb Code    42  components.o(.text.rtthread_startup)
    __scatterload_copy                       0x08001d85   Thumb Code    14  handlers.o(i.__scatterload_copy)
    __scatterload_null                       0x08001d93   Thumb Code     2  handlers.o(i.__scatterload_null)
    __scatterload_zeroinit                   0x08001d95   Thumb Code    14  handlers.o(i.__scatterload_zeroinit)
    AHBPrescTable                            0x08001da2   Data          16  system_stm32f1xx.o(.rodata.AHBPrescTable)
    APBPrescTable                            0x08001db2   Data           8  system_stm32f1xx.o(.rodata.APBPrescTable)
    __lowest_bit_bitmap                      0x08001dba   Data         256  kservice.o(.rodata.__lowest_bit_bitmap)
    __rt_init_rti_start                      0x08001f68   Data           4  components.o(.rti_fn.0)
    __rt_init_rti_board_start                0x08001f6c   Data           4  components.o(.rti_fn.0.end)
    __rt_init_rti_board_end                  0x08001f70   Data           4  components.o(.rti_fn.1.end)
    __rt_init_rti_end                        0x08001f74   Data           4  components.o(.rti_fn.6.end)
    Region$$Table$$Base                      0x08001f78   Number         0  anon$$obj.o(Region$$Table)
    Region$$Table$$Limit                     0x08001f98   Number         0  anon$$obj.o(Region$$Table)
    SystemCoreClock                          0x20000000   Data           4  system_stm32f1xx.o(.data.SystemCoreClock)
    uwTickFreq                               0x20000034   Data           1  stm32f1xx_hal.o(.data.uwTickFreq)
    uwTickPrio                               0x20000038   Data           4  stm32f1xx_hal.o(.data.uwTickPrio)
    huart1                                   0x20000040   Data          64  main.o(.bss.huart1)
    main_thread                              0x200004f8   Data         120  components.o(.bss.main_thread)
    rt_current_priority                      0x20000570   Data           1  scheduler.o(.bss.rt_current_priority)
    rt_current_thread                        0x20000574   Data           4  scheduler.o(.bss.rt_current_thread)
    rt_interrupt_from_thread                 0x2000057c   Data           4  cpuport.o(.bss.rt_interrupt_from_thread)
    rt_interrupt_nest                        0x20000580   Data           1  irq.o(.bss.rt_interrupt_nest)
    rt_interrupt_to_thread                   0x20000584   Data           4  cpuport.o(.bss.rt_interrupt_to_thread)
    rt_thread_defunct                        0x2000060c   Data           8  scheduler.o(.bss.rt_thread_defunct)
    rt_thread_priority_table                 0x20000614   Data         256  scheduler.o(.bss.rt_thread_priority_table)
    rt_thread_ready_priority_group           0x20000714   Data           4  scheduler.o(.bss.rt_thread_ready_priority_group)
    rt_thread_switch_interrupt_flag          0x20000798   Data           4  cpuport.o(.bss.rt_thread_switch_interrupt_flag)
    uwTick                                   0x200007ac   Data           4  stm32f1xx_hal.o(.bss.uwTick)
    __initial_sp                             0x20000bb0   Data           0  startup_stm32f103xe.o(STACK)



==============================================================================

Memory Map of the image

  Image Entry point : 0x08000131

  Load Region LR_IROM1 (Base: 0x08000000, Size: 0x00001fd8, Max: 0x00040000, ABSOLUTE)

    Execution Region ER_IROM1 (Exec base: 0x08000000, Load base: 0x08000000, Size: 0x00001f98, Max: 0x00040000, ABSOLUTE)

    Exec Addr    Load Addr    Size         Type   Attr      Idx    E Section Name        Object

    0x08000000   0x08000000   0x00000130   Data   RO            3    RESET               startup_stm32f103xe.o
    0x08000130   0x08000130   0x00000000   Code   RO          980  * .ARM.Collect$$$$00000000  mc_w.l(entry.o)
    0x08000130   0x08000130   0x00000004   Code   RO          985    .ARM.Collect$$$$00000001  mc_w.l(entry2.o)
    0x08000134   0x08000134   0x00000004   Code   RO          988    .ARM.Collect$$$$00000004  mc_w.l(entry5.o)
    0x08000138   0x08000138   0x00000000   Code   RO          990    .ARM.Collect$$$$00000008  mc_w.l(entry7b.o)
    0x08000138   0x08000138   0x00000000   Code   RO          992    .ARM.Collect$$$$0000000A  mc_w.l(entry8b.o)
    0x08000138   0x08000138   0x00000008   Code   RO          993    .ARM.Collect$$$$0000000B  mc_w.l(entry9a.o)
    0x08000140   0x08000140   0x00000000   Code   RO          995    .ARM.Collect$$$$0000000D  mc_w.l(entry10a.o)
    0x08000140   0x08000140   0x00000000   Code   RO          997    .ARM.Collect$$$$0000000F  mc_w.l(entry11a.o)
    0x08000140   0x08000140   0x00000004   Code   RO          986    .ARM.Collect$$$$00002712  mc_w.l(entry2.o)
    0x08000144   0x08000144   0x00000024   Code   RO            4    .text               startup_stm32f103xe.o
    0x08000168   0x08000168   0x000000f4   Code   RO          597    .text               context_rvds.o
    0x0800025c   0x0800025c   0x00000024   Code   RO          983    .text               mc_w.l(memseta.o)
    0x08000280   0x08000280   0x00000024   Code   RO          999    .text               mc_w.l(init.o)
    0x080002a4   0x080002a4   0x0000000a   Code   RO          647    .text.$Sub$$main    components.o
    0x080002ae   0x080002ae   0x00000002   PAD
    0x080002b0   0x080002b0   0x00000002   Code   RO           36    .text.BusFault_Handler  stm32f1xx_it.o
    0x080002b2   0x080002b2   0x00000002   PAD
    0x080002b4   0x080002b4   0x00000002   Code   RO           42    .text.DebugMon_Handler  stm32f1xx_it.o
    0x080002b6   0x080002b6   0x00000002   PAD
    0x080002b8   0x080002b8   0x000001e8   Code   RO          192    .text.HAL_GPIO_Init  stm32f1xx_hal_gpio.o
    0x080004a0   0x080004a0   0x0000000c   Code   RO           91    .text.HAL_GetTick   stm32f1xx_hal.o
    0x080004ac   0x080004ac   0x00000026   Code   RO           79    .text.HAL_Init      stm32f1xx_hal.o
    0x080004d2   0x080004d2   0x00000002   PAD
    0x080004d4   0x080004d4   0x00000050   Code   RO           81    .text.HAL_InitTick  stm32f1xx_hal.o
    0x08000524   0x08000524   0x00000042   Code   RO           51    .text.HAL_MspInit   stm32f1xx_hal_msp.o
    0x08000566   0x08000566   0x00000002   PAD
    0x08000568   0x08000568   0x0000001e   Code   RO          254    .text.HAL_NVIC_SetPriority  stm32f1xx_hal_cortex.o
    0x08000586   0x08000586   0x00000002   PAD
    0x08000588   0x08000588   0x00000008   Code   RO          250    .text.HAL_NVIC_SetPriorityGrouping  stm32f1xx_hal_cortex.o
    0x08000590   0x08000590   0x0000000c   Code   RO          156    .text.HAL_RCC_GetHCLKFreq  stm32f1xx_hal_rcc.o
    0x0800059c   0x0800059c   0x00000022   Code   RO          158    .text.HAL_RCC_GetPCLK1Freq  stm32f1xx_hal_rcc.o
    0x080005be   0x080005be   0x00000002   PAD
    0x080005c0   0x080005c0   0x00000022   Code   RO          160    .text.HAL_RCC_GetPCLK2Freq  stm32f1xx_hal_rcc.o
    0x080005e2   0x080005e2   0x00000002   PAD
    0x080005e4   0x080005e4   0x00000008   Code   RO          274    .text.HAL_SYSTICK_Config  stm32f1xx_hal_cortex.o
    0x080005ec   0x080005ec   0x0000005e   Code   RO          465    .text.HAL_UART_Init  stm32f1xx_hal_uart.o
    0x0800064a   0x0800064a   0x00000002   PAD
    0x0800064c   0x0800064c   0x0000007e   Code   RO           53    .text.HAL_UART_MspInit  stm32f1xx_hal_msp.o
    0x080006ca   0x080006ca   0x00000002   PAD
    0x080006cc   0x080006cc   0x000000be   Code   RO          481    .text.HAL_UART_Transmit  stm32f1xx_hal_uart.o
    0x0800078a   0x0800078a   0x00000002   PAD
    0x0800078c   0x0800078c   0x00000044   Code   RO           15    .text.MX_GPIO_Init  main.o
    0x080007d0   0x080007d0   0x00000030   Code   RO           17    .text.MX_USART1_UART_Init  main.o
    0x08000800   0x08000800   0x00000002   Code   RO           34    .text.MemManage_Handler  stm32f1xx_it.o
    0x08000802   0x08000802   0x00000002   PAD
    0x08000804   0x08000804   0x00000002   Code   RO           32    .text.NMI_Handler   stm32f1xx_it.o
    0x08000806   0x08000806   0x00000002   PAD
    0x08000808   0x08000808   0x0000002c   Code   RO          260    .text.NVIC_EncodePriority  stm32f1xx_hal_cortex.o
    0x08000834   0x08000834   0x00000002   Code   RO           40    .text.SVC_Handler   stm32f1xx_it.o
    0x08000836   0x08000836   0x00000002   PAD
    0x08000838   0x08000838   0x0000002e   Code   RO          276    .text.SysTick_Config  stm32f1xx_hal_cortex.o
    0x08000866   0x08000866   0x00000002   PAD
    0x08000868   0x08000868   0x00000010   Code   RO          606    .text.SysTick_Handler  board.o
    0x08000878   0x08000878   0x0000006e   Code   RO          585    .text.SystemCoreClockUpdate  system_stm32f1xx.o
    0x080008e6   0x080008e6   0x00000002   PAD
    0x080008e8   0x080008e8   0x00000050   Code   RO          583    .text.SystemInit    system_stm32f1xx.o
    0x08000938   0x08000938   0x0000008e   Code   RO          469    .text.UART_SetConfig  stm32f1xx_hal_uart.o
    0x080009c6   0x080009c6   0x00000002   PAD
    0x080009c8   0x080009c8   0x00000064   Code   RO          483    .text.UART_WaitOnFlagUntilTimeout  stm32f1xx_hal_uart.o
    0x08000a2c   0x08000a2c   0x00000002   Code   RO           38    .text.UsageFault_Handler  stm32f1xx_it.o
    0x08000a2e   0x08000a2e   0x00000002   PAD
    0x08000a30   0x08000a30   0x0000002a   Code   RO          604    .text._SysTick_Config  board.o
    0x08000a5a   0x08000a5a   0x00000002   PAD
    0x08000a5c   0x08000a5c   0x00000010   Code   RO          256    .text.__NVIC_GetPriorityGrouping  stm32f1xx_hal_cortex.o
    0x08000a6c   0x08000a6c   0x00000022   Code   RO          258    .text.__NVIC_SetPriority  stm32f1xx_hal_cortex.o
    0x08000a8e   0x08000a8e   0x00000002   PAD
    0x08000a90   0x08000a90   0x00000020   Code   RO          252    .text.__NVIC_SetPriorityGrouping  stm32f1xx_hal_cortex.o
    0x08000ab0   0x08000ab0   0x00000038   Code   RO          788    .text.__rt_ffs      kservice.o
    0x08000ae8   0x08000ae8   0x00000012   Code   RO          671    .text._has_defunct_thread  idle.o
    0x08000afa   0x08000afa   0x00000002   PAD
    0x08000afc   0x08000afc   0x00000080   Code   RO          876    .text._rt_thread_init  thread.o
    0x08000b7c   0x08000b7c   0x00000022   Code   RO          918    .text._rt_timer_init  timer.o
    0x08000b9e   0x08000b9e   0x00000002   PAD
    0x08000ba0   0x08000ba0   0x0000000a   Code   RO          922    .text._rt_timer_remove  timer.o
    0x08000baa   0x08000baa   0x00000002   PAD
    0x08000bac   0x08000bac   0x0000002c   Code   RO          790    .text.divide        kservice.o
    0x08000bd8   0x08000bd8   0x00000028   Code   RO           13    .text.main          main.o
    0x08000c00   0x08000c00   0x0000000c   Code   RO          651    .text.main_thread_entry  components.o
    0x08000c0c   0x08000c0c   0x000001a8   Code   RO          776    .text.print_number  kservice.o
    0x08000db4   0x08000db4   0x0000004c   Code   RO          653    .text.rt_application_init  components.o
    0x08000e00   0x08000e00   0x0000002c   Code   RO          643    .text.rt_components_board_init  components.o
    0x08000e2c   0x08000e2c   0x0000002c   Code   RO          645    .text.rt_components_init  components.o
    0x08000e58   0x08000e58   0x0000001a   Code   RO          850    .text.rt_enter_critical  scheduler.o
    0x08000e72   0x08000e72   0x00000002   PAD
    0x08000e74   0x08000e74   0x0000003e   Code   RO          852    .text.rt_exit_critical  scheduler.o
    0x08000eb2   0x08000eb2   0x00000002   PAD
    0x08000eb4   0x08000eb4   0x00000028   Code   RO          602    .text.rt_hw_board_init  board.o
    0x08000edc   0x08000edc   0x00000002   Code   RO           11    .text.rt_hw_console_output  main.o
    0x08000ede   0x08000ede   0x00000002   PAD
    0x08000ee0   0x08000ee0   0x00000188   Code   RO          962    .text.rt_hw_hard_fault_exception  cpuport.o
    0x08001068   0x08001068   0x00000042   Code   RO          958    .text.rt_hw_stack_init  cpuport.o
    0x080010aa   0x080010aa   0x00000002   PAD
    0x080010ac   0x080010ac   0x0000001a   Code   RO          725    .text.rt_interrupt_enter  irq.o
    0x080010c6   0x080010c6   0x00000002   PAD
    0x080010c8   0x080010c8   0x0000001a   Code   RO          727    .text.rt_interrupt_leave  irq.o
    0x080010e2   0x080010e2   0x00000002   PAD
    0x080010e4   0x080010e4   0x00000032   Code   RO          770    .text.rt_kprintf    kservice.o
    0x08001116   0x08001116   0x00000002   PAD
    0x08001118   0x08001118   0x00000006   Code   RO          834    .text.rt_list_init  scheduler.o
    0x0800111e   0x0800111e   0x00000002   PAD
    0x08001120   0x08001120   0x00000006   Code   RO          906    .text.rt_list_init  thread.o
    0x08001126   0x08001126   0x00000002   PAD
    0x08001128   0x08001128   0x00000006   Code   RO          942    .text.rt_list_init  timer.o
    0x0800112e   0x0800112e   0x00000002   PAD
    0x08001130   0x08001130   0x0000000c   Code   RO          811    .text.rt_list_insert_after  object.o
    0x0800113c   0x0800113c   0x00000014   Code   RO          872    .text.rt_list_insert_after  thread.o
    0x08001150   0x08001150   0x0000000c   Code   RO          926    .text.rt_list_insert_after  timer.o
    0x0800115c   0x0800115c   0x0000000c   Code   RO          842    .text.rt_list_insert_before  scheduler.o
    0x08001168   0x08001168   0x0000000c   Code   RO          890    .text.rt_list_insert_before  thread.o
    0x08001174   0x08001174   0x0000000c   Code   RO          848    .text.rt_list_isempty  scheduler.o
    0x08001180   0x08001180   0x00000014   Code   RO          934    .text.rt_list_isempty  timer.o
    0x08001194   0x08001194   0x00000010   Code   RO          673    .text.rt_list_remove  idle.o
    0x080011a4   0x080011a4   0x00000010   Code   RO          815    .text.rt_list_remove  object.o
    0x080011b4   0x080011b4   0x00000010   Code   RO          846    .text.rt_list_remove  scheduler.o
    0x080011c4   0x080011c4   0x00000010   Code   RO          888    .text.rt_list_remove  thread.o
    0x080011d4   0x080011d4   0x00000010   Code   RO          946    .text.rt_list_remove  timer.o
    0x080011e4   0x080011e4   0x00000068   Code   RO          746    .text.rt_memset     kservice.o
    0x0800124c   0x0800124c   0x0000001e   Code   RO          813    .text.rt_object_detach  object.o
    0x0800126a   0x0800126a   0x00000002   PAD
    0x0800126c   0x0800126c   0x00000022   Code   RO          807    .text.rt_object_get_information  object.o
    0x0800128e   0x0800128e   0x00000002   PAD
    0x08001290   0x08001290   0x00000050   Code   RO          809    .text.rt_object_init  object.o
    0x080012e0   0x080012e0   0x00000006   Code   RO          817    .text.rt_object_is_systemobject  object.o
    0x080012e6   0x080012e6   0x00000002   PAD
    0x080012e8   0x080012e8   0x0000007c   Code   RO          838    .text.rt_schedule   scheduler.o
    0x08001364   0x08001364   0x00000048   Code   RO          840    .text.rt_schedule_insert_thread  scheduler.o
    0x080013ac   0x080013ac   0x00000042   Code   RO          844    .text.rt_schedule_remove_thread  scheduler.o
    0x080013ee   0x080013ee   0x00000002   PAD
    0x080013f0   0x080013f0   0x000000b8   Code   RO          768    .text.rt_show_version  kservice.o
    0x080014a8   0x080014a8   0x00000010   Code   RO          756    .text.rt_strlen     kservice.o
    0x080014b8   0x080014b8   0x00000032   Code   RO          760    .text.rt_strncpy    kservice.o
    0x080014ea   0x080014ea   0x00000002   PAD
    0x080014ec   0x080014ec   0x00000056   Code   RO          832    .text.rt_system_scheduler_init  scheduler.o
    0x08001542   0x08001542   0x00000002   PAD
    0x08001544   0x08001544   0x00000036   Code   RO          836    .text.rt_system_scheduler_start  scheduler.o
    0x0800157a   0x0800157a   0x00000002   PAD
    0x0800157c   0x0800157c   0x00000010   Code   RO          940    .text.rt_system_timer_init  timer.o
    0x0800158c   0x0800158c   0x00000002   Code   RO          944    .text.rt_system_timer_thread_init  timer.o
    0x0800158e   0x0800158e   0x00000002   PAD
    0x08001590   0x08001590   0x00000050   Code   RO          870    .text.rt_thread_exit  thread.o
    0x080015e0   0x080015e0   0x00000006   Code   RO          677    .text.rt_thread_idle_entry  idle.o
    0x080015e6   0x080015e6   0x00000002   PAD
    0x080015e8   0x080015e8   0x0000006c   Code   RO          669    .text.rt_thread_idle_excute  idle.o
    0x08001654   0x08001654   0x0000004c   Code   RO          675    .text.rt_thread_idle_init  idle.o
    0x080016a0   0x080016a0   0x00000038   Code   RO          874    .text.rt_thread_init  thread.o
    0x080016d8   0x080016d8   0x0000003c   Code   RO          882    .text.rt_thread_resume  thread.o
    0x08001714   0x08001714   0x0000000c   Code   RO          878    .text.rt_thread_self  thread.o
    0x08001720   0x08001720   0x0000002c   Code   RO          880    .text.rt_thread_startup  thread.o
    0x0800174c   0x0800174c   0x0000001e   Code   RO          902    .text.rt_thread_timeout  thread.o
    0x0800176a   0x0800176a   0x00000002   PAD
    0x0800176c   0x0800176c   0x0000005e   Code   RO          886    .text.rt_thread_yield  thread.o
    0x080017ca   0x080017ca   0x00000002   PAD
    0x080017cc   0x080017cc   0x0000000c   Code   RO          618    .text.rt_tick_get   clock.o
    0x080017d8   0x080017d8   0x00000030   Code   RO          622    .text.rt_tick_increase  clock.o
    0x08001808   0x08001808   0x0000007e   Code   RO          932    .text.rt_timer_check  timer.o
    0x08001886   0x08001886   0x00000002   PAD
    0x08001888   0x08001888   0x00000020   Code   RO          920    .text.rt_timer_detach  timer.o
    0x080018a8   0x080018a8   0x0000002c   Code   RO          916    .text.rt_timer_init  timer.o
    0x080018d4   0x080018d4   0x00000092   Code   RO          924    .text.rt_timer_start  timer.o
    0x08001966   0x08001966   0x00000002   PAD
    0x08001968   0x08001968   0x0000002e   Code   RO          928    .text.rt_timer_stop  timer.o
    0x08001996   0x08001996   0x00000002   PAD
    0x08001998   0x08001998   0x00000370   Code   RO          772    .text.rt_vsnprintf  kservice.o
    0x08001d08   0x08001d08   0x00000004   Code   RO          639    .text.rti_board_end  components.o
    0x08001d0c   0x08001d0c   0x00000004   Code   RO          637    .text.rti_board_start  components.o
    0x08001d10   0x08001d10   0x00000004   Code   RO          641    .text.rti_end       components.o
    0x08001d14   0x08001d14   0x00000004   Code   RO          635    .text.rti_start     components.o
    0x08001d18   0x08001d18   0x0000002a   Code   RO          649    .text.rtthread_startup  components.o
    0x08001d42   0x08001d42   0x00000002   PAD
    0x08001d44   0x08001d44   0x00000040   Code   RO          774    .text.skip_atoi     kservice.o
    0x08001d84   0x08001d84   0x0000000e   Code   RO         1003    i.__scatterload_copy  mc_w.l(handlers.o)
    0x08001d92   0x08001d92   0x00000002   Code   RO         1004    i.__scatterload_null  mc_w.l(handlers.o)
    0x08001d94   0x08001d94   0x0000000e   Code   RO         1005    i.__scatterload_zeroinit  mc_w.l(handlers.o)
    0x08001da2   0x08001da2   0x00000010   Data   RO          588    .rodata.AHBPrescTable  system_stm32f1xx.o
    0x08001db2   0x08001db2   0x00000008   Data   RO          589    .rodata.APBPrescTable  system_stm32f1xx.o
    0x08001dba   0x08001dba   0x00000100   Data   RO          795    .rodata.__lowest_bit_bitmap  kservice.o
    0x08001eba   0x08001eba   0x00000029   Data   RO          793    .rodata.str1.1      kservice.o
    0x08001ee3   0x08001ee3   0x00000085   Data   RO          969    .rodata.str1.1      cpuport.o
    0x08001f68   0x08001f68   0x00000004   Data   RO          655    .rti_fn.0           components.o
    0x08001f6c   0x08001f6c   0x00000004   Data   RO          656    .rti_fn.0.end       components.o
    0x08001f70   0x08001f70   0x00000004   Data   RO          657    .rti_fn.1.end       components.o
    0x08001f74   0x08001f74   0x00000004   Data   RO          658    .rti_fn.6.end       components.o
    0x08001f78   0x08001f78   0x00000020   Data   RO         1002    Region$$Table       anon$$obj.o


    Execution Region RW_IRAM1 (Exec base: 0x20000000, Load base: 0x08001f98, Size: 0x00000bb0, Max: 0x0000c000, ABSOLUTE)

    Exec Addr    Load Addr    Size         Type   Attr      Idx    E Section Name        Object

    0x20000000   0x08001f98   0x00000004   Data   RW          587    .data.SystemCoreClock  system_stm32f1xx.o
    0x20000004   0x08001f9c   0x00000030   Data   RW          823    .data.rt_object_container  object.o
    0x20000034   0x08001fcc   0x00000001   Data   RW          130    .data.uwTickFreq    stm32f1xx_hal.o
    0x20000035   0x08001fcd   0x00000003   PAD
    0x20000038   0x08001fd0   0x00000004   Data   RW          129    .data.uwTickPrio    stm32f1xx_hal.o
    0x2000003c   0x08001fd4   0x00000004   PAD
    0x20000040        -       0x00000040   Zero   RW           23    .bss.huart1         main.o
    0x20000080        -       0x00000078   Zero   RW          681    .bss.idle           idle.o
    0x200000f8        -       0x00000400   Zero   RW          660    .bss.main_stack     components.o
    0x200004f8        -       0x00000078   Zero   RW          659    .bss.main_thread    components.o
    0x20000570        -       0x00000001   Zero   RW          858    .bss.rt_current_priority  scheduler.o
    0x20000571   0x08001fd4   0x00000003   PAD
    0x20000574        -       0x00000004   Zero   RW          859    .bss.rt_current_thread  scheduler.o
    0x20000578        -       0x00000004   Zero   RW          968    .bss.rt_exception_hook  cpuport.o
    0x2000057c        -       0x00000004   Zero   RW          970    .bss.rt_interrupt_from_thread  cpuport.o
    0x20000580        -       0x00000001   Zero   RW          731    .bss.rt_interrupt_nest  irq.o
    0x20000581   0x08001fd4   0x00000003   PAD
    0x20000584        -       0x00000004   Zero   RW          971    .bss.rt_interrupt_to_thread  cpuport.o
    0x20000588        -       0x00000080   Zero   RW          794    .bss.rt_kprintf.rt_log_buf  kservice.o
    0x20000608        -       0x00000002   Zero   RW          856    .bss.rt_scheduler_lock_nest  scheduler.o
    0x2000060a   0x08001fd4   0x00000002   PAD
    0x2000060c        -       0x00000008   Zero   RW          861    .bss.rt_thread_defunct  scheduler.o
    0x20000614        -       0x00000100   Zero   RW          857    .bss.rt_thread_priority_table  scheduler.o
    0x20000714        -       0x00000004   Zero   RW          860    .bss.rt_thread_ready_priority_group  scheduler.o
    0x20000718        -       0x00000080   Zero   RW          682    .bss.rt_thread_stack  idle.o
    0x20000798        -       0x00000004   Zero   RW          972    .bss.rt_thread_switch_interrupt_flag  cpuport.o
    0x2000079c        -       0x00000004   Zero   RW          626    .bss.rt_tick        clock.o
    0x200007a0        -       0x00000008   Zero   RW          949    .bss.rt_timer_list  timer.o
    0x200007a8        -       0x00000004   Zero   RW          948    .bss.rt_timer_start.random_nr  timer.o
    0x200007ac        -       0x00000004   Zero   RW          131    .bss.uwTick         stm32f1xx_hal.o
    0x200007b0        -       0x00000400   Zero   RW            1    STACK               startup_stm32f103xe.o


==============================================================================

Image component sizes


      Code (inc. data)   RO Data    RW Data    ZI Data      Debug   Object Name

        98          0          0          0          0       1060   board.o
        60          0          0          0          4       2526   clock.o
       244          8         16          0       1144       3228   components.o
       244         26          0          0          0        824   context_rvds.o
       458        160        133          0         16       2712   cpuport.o
       224          8          0          0        248       2865   idle.o
        52          0          0          0          1       1027   irq.o
      1872        322        297          0        128      13522   kservice.o
       158          4          0          0         64       4433   main.o
       178          0          0         48          0       3948   object.o
       536          0          0          0        275       4435   scheduler.o
        36          8        304          0       1024        760   startup_stm32f103xe.o
       130          0          0          5          4       6038   stm32f1xx_hal.o
       218          0          0          0          0       8689   stm32f1xx_hal_cortex.o
       488         20          0          0          0       4392   stm32f1xx_hal_gpio.o
       192          0          0          0          0       4141   stm32f1xx_hal_msp.o
        80          0          0          0          0       6979   stm32f1xx_hal_rcc.o
       526          0          0          0          0      16847   stm32f1xx_hal_uart.o
        12          0          0          0          0        751   stm32f1xx_it.o
       190          0         24          4          0       2139   system_stm32f1xx.o
       558          0          0          0          0       7198   thread.o
       510          0          0          0         12       5774   timer.o

    ----------------------------------------------------------------------
      7160        556        806         60       2932     104288   Object Totals
         0          0         32          0          0          0   (incl. Generated)
        96          0          0          3         12          0   (incl. Padding)

    ----------------------------------------------------------------------

      Code (inc. data)   RO Data    RW Data    ZI Data      Debug   Library Member Name

         0          0          0          0          0          0   entry.o
         0          0          0          0          0          0   entry10a.o
         0          0          0          0          0          0   entry11a.o
         8          4          0          0          0          0   entry2.o
         4          0          0          0          0          0   entry5.o
         0          0          0          0          0          0   entry7b.o
         0          0          0          0          0          0   entry8b.o
         8          4          0          0          0          0   entry9a.o
        30          0          0          0          0          0   handlers.o
        36          8          0          0          0         68   init.o
        36          0          0          0          0        108   memseta.o

    ----------------------------------------------------------------------
       122         16          0          0          0        176   Library Totals
         0          0          0          0          0          0   (incl. Padding)

    ----------------------------------------------------------------------

      Code (inc. data)   RO Data    RW Data    ZI Data      Debug   Library Name

       122         16          0          0          0        176   mc_w.l

    ----------------------------------------------------------------------
       122         16          0          0          0        176   Library Totals

    ----------------------------------------------------------------------

==============================================================================


      Code (inc. data)   RO Data    RW Data    ZI Data      Debug   

      7282        572        806         60       2932     104260   Grand Totals
      7282        572        806         60       2932     104260   ELF Image Totals
      7282        572        806         60          0          0   ROM Totals

==============================================================================

    Total RO  Size (Code + RO Data)                 8088 (   7.90kB)
    Total RW  Size (RW Data + ZI Data)              2992 (   2.92kB)
    Total ROM Size (Code + RO Data + RW Data)       8148 (   7.96kB)

==============================================================================

